Archive member included to satisfy reference by file (symbol)

/opt/st/stm32cubeide_2.1.1/plugins/com.st.stm32cube.ide.mcu.externaltools.gnu-tools-for-stm32.14.3.rel1.linux64_1.0.100.202602081740/tools/bin/../lib/gcc/arm-none-eabi/14.3.1/../../../../arm-none-eabi/lib/thumb/v7e-m+dp/hard/libc_nano.a(libc_a-exit.o)
                              /opt/st/stm32cubeide_2.1.1/plugins/com.st.stm32cube.ide.mcu.externaltools.gnu-tools-for-stm32.14.3.rel1.linux64_1.0.100.202602081740/tools/bin/../lib/gcc/arm-none-eabi/14.3.1/../../../../arm-none-eabi/lib/thumb/v7e-m+dp/hard/crt0.o (exit)
/opt/st/stm32cubeide_2.1.1/plugins/com.st.stm32cube.ide.mcu.externaltools.gnu-tools-for-stm32.14.3.rel1.linux64_1.0.100.202602081740/tools/bin/../lib/gcc/arm-none-eabi/14.3.1/../../../../arm-none-eabi/lib/thumb/v7e-m+dp/hard/libc_nano.a(libc_a-findfp.o)
                              /opt/st/stm32cubeide_2.1.1/plugins/com.st.stm32cube.ide.mcu.externaltools.gnu-tools-for-stm32.14.3.rel1.linux64_1.0.100.202602081740/tools/bin/../lib/gcc/arm-none-eabi/14.3.1/../../../../arm-none-eabi/lib/thumb/v7e-m+dp/hard/libc_nano.a(libc_a-exit.o) (__stdio_exit_handler)
/opt/st/stm32cubeide_2.1.1/plugins/com.st.stm32cube.ide.mcu.externaltools.gnu-tools-for-stm32.14.3.rel1.linux64_1.0.100.202602081740/tools/bin/../lib/gcc/arm-none-eabi/14.3.1/../../../../arm-none-eabi/lib/thumb/v7e-m+dp/hard/libc_nano.a(libc_a-fwalk.o)
                              /opt/st/stm32cubeide_2.1.1/plugins/com.st.stm32cube.ide.mcu.externaltools.gnu-tools-for-stm32.14.3.rel1.linux64_1.0.100.202602081740/tools/bin/../lib/gcc/arm-none-eabi/14.3.1/../../../../arm-none-eabi/lib/thumb/v7e-m+dp/hard/libc_nano.a(libc_a-findfp.o) (_fwalk_sglue)
/opt/st/stm32cubeide_2.1.1/plugins/com.st.stm32cube.ide.mcu.externaltools.gnu-tools-for-stm32.14.3.rel1.linux64_1.0.100.202602081740/tools/bin/../lib/gcc/arm-none-eabi/14.3.1/../../../../arm-none-eabi/lib/thumb/v7e-m+dp/hard/libc_nano.a(libc_a-stdio.o)
                              /opt/st/stm32cubeide_2.1.1/plugins/com.st.stm32cube.ide.mcu.externaltools.gnu-tools-for-stm32.14.3.rel1.linux64_1.0.100.202602081740/tools/bin/../lib/gcc/arm-none-eabi/14.3.1/../../../../arm-none-eabi/lib/thumb/v7e-m+dp/hard/libc_nano.a(libc_a-findfp.o) (__sread)
/opt/st/stm32cubeide_2.1.1/plugins/com.st.stm32cube.ide.mcu.externaltools.gnu-tools-for-stm32.14.3.rel1.linux64_1.0.100.202602081740/tools/bin/../lib/gcc/arm-none-eabi/14.3.1/../../../../arm-none-eabi/lib/thumb/v7e-m+dp/hard/libc_nano.a(libc_a-vsnprintf.o)
                              ./Core/Src/board_uart.o (vsnprintf)
/opt/st/stm32cubeide_2.1.1/plugins/com.st.stm32cube.ide.mcu.externaltools.gnu-tools-for-stm32.14.3.rel1.linux64_1.0.100.202602081740/tools/bin/../lib/gcc/arm-none-eabi/14.3.1/../../../../arm-none-eabi/lib/thumb/v7e-m+dp/hard/libc_nano.a(libc_a-memset.o)
                              /opt/st/stm32cubeide_2.1.1/plugins/com.st.stm32cube.ide.mcu.externaltools.gnu-tools-for-stm32.14.3.rel1.linux64_1.0.100.202602081740/tools/bin/../lib/gcc/arm-none-eabi/14.3.1/../../../../arm-none-eabi/lib/thumb/v7e-m+dp/hard/crt0.o (memset)
/opt/st/stm32cubeide_2.1.1/plugins/com.st.stm32cube.ide.mcu.externaltools.gnu-tools-for-stm32.14.3.rel1.linux64_1.0.100.202602081740/tools/bin/../lib/gcc/arm-none-eabi/14.3.1/../../../../arm-none-eabi/lib/thumb/v7e-m+dp/hard/libc_nano.a(libc_a-strncmp.o)
                              ./Core/Src/board_protocol.o (strncmp)
/opt/st/stm32cubeide_2.1.1/plugins/com.st.stm32cube.ide.mcu.externaltools.gnu-tools-for-stm32.14.3.rel1.linux64_1.0.100.202602081740/tools/bin/../lib/gcc/arm-none-eabi/14.3.1/../../../../arm-none-eabi/lib/thumb/v7e-m+dp/hard/libc_nano.a(libc_a-closer.o)
                              /opt/st/stm32cubeide_2.1.1/plugins/com.st.stm32cube.ide.mcu.externaltools.gnu-tools-for-stm32.14.3.rel1.linux64_1.0.100.202602081740/tools/bin/../lib/gcc/arm-none-eabi/14.3.1/../../../../arm-none-eabi/lib/thumb/v7e-m+dp/hard/libc_nano.a(libc_a-stdio.o) (_close_r)
/opt/st/stm32cubeide_2.1.1/plugins/com.st.stm32cube.ide.mcu.externaltools.gnu-tools-for-stm32.14.3.rel1.linux64_1.0.100.202602081740/tools/bin/../lib/gcc/arm-none-eabi/14.3.1/../../../../arm-none-eabi/lib/thumb/v7e-m+dp/hard/libc_nano.a(libc_a-reent.o)
                              /opt/st/stm32cubeide_2.1.1/plugins/com.st.stm32cube.ide.mcu.externaltools.gnu-tools-for-stm32.14.3.rel1.linux64_1.0.100.202602081740/tools/bin/../lib/gcc/arm-none-eabi/14.3.1/../../../../arm-none-eabi/lib/thumb/v7e-m+dp/hard/libc_nano.a(libc_a-closer.o) (errno)
/opt/st/stm32cubeide_2.1.1/plugins/com.st.stm32cube.ide.mcu.externaltools.gnu-tools-for-stm32.14.3.rel1.linux64_1.0.100.202602081740/tools/bin/../lib/gcc/arm-none-eabi/14.3.1/../../../../arm-none-eabi/lib/thumb/v7e-m+dp/hard/libc_nano.a(libc_a-impure.o)
[...]
Memory Configuration

Name             Origin             Length             Attributes
FLASH            0x08000000         0x00200000         xr
DTCMRAM          0x20000000         0x00020000         xrw
RAM_D1           0x24000000         0x00080000         xrw
RAM_D2           0x30000000         0x00048000         xrw
RAM_D3           0x38000000         0x00010000         xrw
ITCMRAM          0x00000000         0x00010000         xrw
*default*        0x00000000         0xffffffff

Linker script and memory map

LOAD /opt/st/stm32cubeide_2.1.1/plugins/com.st.stm32cube.ide.mcu.externaltools.gnu-tools-for-stm32.14.3.rel1.linux64_1.0.100.202602081740/tools/bin/../lib/gcc/arm-none-eabi/14.3.1/thumb/v7e-m+dp/hard/crti.o
LOAD /opt/st/stm32cubeide_2.1.1/plugins/com.st.stm32cube.ide.mcu.externaltools.gnu-tools-for-stm32.14.3.rel1.linux64_1.0.100.202602081740/tools/bin/../lib/gcc/arm-none-eabi/14.3.1/thumb/v7e-m+dp/hard/crtbegin.o
LOAD /opt/st/stm32cubeide_2.1.1/plugins/com.st.stm32cube.ide.mcu.externaltools.gnu-tools-for-stm32.14.3.rel1.linux64_1.0.100.202602081740/tools/bin/../lib/gcc/arm-none-eabi/14.3.1/../../../../arm-none-eabi/lib/thumb/v7e-m+dp/hard/crt0.o
LOAD ./Core/Src/ad5667.o
LOAD ./Core/Src/ad7190.o
LOAD ./Core/Src/board_output.o
LOAD ./Core/Src/board_protocol.o
LOAD ./Core/Src/board_temperature.o
LOAD ./Core/Src/board_uart.o
LOAD ./Core/Src/chip_measure.o
LOAD ./Core/Src/main.o
LOAD ./Core/Src/sht3x.o
LOAD ./Core/Src/stm32h7xx_hal_msp.o
LOAD ./Core/Src/stm32h7xx_it.o
LOAD ./Core/Src/syscalls.o
LOAD ./Core/Src/sysmem.o
LOAD ./Core/Src/system_stm32h7xx.o
LOAD ./Core/Src/thermal_control.o
LOAD ./Core/Startup/startup_stm32h753iitx.o
LOAD ./Drivers/STM32H7xx_HAL_Driver/Src/stm32h7xx_hal.o
LOAD ./Drivers/STM32H7xx_HAL_Driver/Src/stm32h7xx_hal_cortex.o
LOAD ./Drivers/STM32H7xx_HAL_Driver/Src/stm32h7xx_hal_dma.o
LOAD ./Drivers/STM32H7xx_HAL_Driver/Src/stm32h7xx_hal_dma_ex.o
LOAD ./Drivers/STM32H7xx_HAL_Driver/Src/stm32h7xx_hal_exti.o
LOAD ./Drivers/STM32H7xx_HAL_Driver/Src/stm32h7xx_hal_flash.o
LOAD ./Drivers/STM32H7xx_HAL_Driver/Src/stm32h7xx_hal_flash_ex.o
LOAD ./Drivers/STM32H7xx_HAL_Driver/Src/stm32h7xx_hal_gpio.o
LOAD ./Drivers/STM32H7xx_HAL_Driver/Src/stm32h7xx_hal_hsem.o
LOAD ./Drivers/STM32H7xx_HAL_Driver/Src/stm32h7xx_hal_i2c.o
LOAD ./Drivers/STM32H7xx_HAL_Driver/Src/stm32h7xx_hal_i2c_ex.o
LOAD ./Drivers/STM32H7xx_HAL_Driver/Src/stm32h7xx_hal_mdma.o
LOAD ./Drivers/STM32H7xx_HAL_Driver/Src/stm32h7xx_hal_pwr.o
LOAD ./Drivers/STM32H7xx_HAL_Driver/Src/stm32h7xx_hal_pwr_ex.o
LOAD ./Drivers/STM32H7xx_HAL_Driver/Src/stm32h7xx_hal_rcc.o
LOAD ./Drivers/STM32H7xx_HAL_Driver/Src/stm32h7xx_hal_rcc_ex.o
LOAD ./Drivers/STM32H7xx_HAL_Driver/Src/stm32h7xx_hal_spi.o
LOAD ./Drivers/STM32H7xx_HAL_Driver/Src/stm32h7xx_hal_spi_ex.o
LOAD ./Drivers/STM32H7xx_HAL_Driver/Src/stm32h7xx_hal_tim.o
LOAD ./Drivers/STM32H7xx_HAL_Driver/Src/stm32h7xx_hal_tim_ex.o
LOAD ./Drivers/STM32H7xx_HAL_Driver/Src/stm32h7xx_hal_uart.o
LOAD ./Drivers/STM32H7xx_HAL_Driver/Src/stm32h7xx_hal_uart_ex.o
START GROUP
LOAD /opt/st/stm32cubeide_2.1.1/plugins/com.st.stm32cube.ide.mcu.externaltools.gnu-tools-for-stm32.14.3.rel1.linux64_1.0.100.202602081740/tools/bin/../lib/gcc/arm-none-eabi/14.3.1/../../../../arm-none-eabi/lib/thumb/v7e-m+dp/hard/libc_nano.a
LOAD /opt/st/stm32cubeide_2.1.1/plugins/com.st.stm32cube.ide.mcu.externaltools.gnu-tools-for-stm32.14.3.rel1.linux64_1.0.100.202602081740/tools/bin/../lib/gcc/arm-none-eabi/14.3.1/../../../../arm-none-eabi/lib/thumb/v7e-m+dp/hard/libm.a
END GROUP
START GROUP
LOAD /opt/st/stm32cubeide_2.1.1/plugins/com.st.stm32cube.ide.mcu.externaltools.gnu-tools-for-stm32.14.3.rel1.linux64_1.0.100.202602081740/tools/bin/../lib/gcc/arm-none-eabi/14.3.1/thumb/v7e-m+dp/hard/libgcc.a
LOAD /opt/st/stm32cubeide_2.1.1/plugins/com.st.stm32cube.ide.mcu.externaltools.gnu-tools-for-stm32.14.3.rel1.linux64_1.0.100.202602081740/tools/bin/../lib/gcc/arm-none-eabi/14.3.1/../../../../arm-none-eabi/lib/thumb/v7e-m+dp/hard/libc_nano.a
END GROUP
START GROUP
LOAD /opt/st/stm32cubeide_2.1.1/plugins/com.st.stm32cube.ide.mcu.externaltools.gnu-tools-for-stm32.14.3.rel1.linux64_1.0.100.202602081740/tools/bin/../lib/gcc/arm-none-eabi/14.3.1/thumb/v7e-m+dp/hard/libgcc.a
LOAD /opt/st/stm32cubeide_2.1.1/plugins/com.st.stm32cube.ide.mcu.externaltools.gnu-tools-for-stm32.14.3.rel1.linux64_1.0.100.202602081740/tools/bin/../lib/gcc/arm-none-eabi/14.3.1/../../../../arm-none-eabi/lib/thumb/v7e-m+dp/hard/libc_nano.a
LOAD /opt/st/stm32cubeide_2.1.1/plugins/com.st.stm32cube.ide.mcu.externaltools.gnu-tools-for-stm32.14.3.rel1.linux64_1.0.100.202602081740/tools/bin/../lib/gcc/arm-none-eabi/14.3.1/../../../../arm-none-eabi/lib/thumb/v7e-m+dp/hard/libnosys.a
END GROUP
START GROUP
LOAD /opt/st/stm32cubeide_2.1.1/plugins/com.st.stm32cube.ide.mcu.externaltools.gnu-tools-for-stm32.14.3.rel1.linux64_1.0.100.202602081740/tools/bin/../lib/gcc/arm-none-eabi/14.3.1/thumb/v7e-m+dp/hard/libgcc.a
LOAD /opt/st/stm32cubeide_2.1.1/plugins/com.st.stm32cube.ide.mcu.externaltools.gnu-tools-for-stm32.14.3.rel1.linux64_1.0.100.202602081740/tools/bin/../lib/gcc/arm-none-eabi/14.3.1/../../../../arm-none-eabi/lib/thumb/v7e-m+dp/hard/libc_nano.a
LOAD /opt/st/stm32cubeide_2.1.1/plugins/com.st.stm32cube.ide.mcu.externaltools.gnu-tools-for-stm32.14.3.rel1.linux64_1.0.100.202602081740/tools/bin/../lib/gcc/arm-none-eabi/14.3.1/../../../../arm-none-eabi/lib/thumb/v7e-m+dp/hard/libnosys.a
END GROUP
LOAD /opt/st/stm32cubeide_2.1.1/plugins/com.st.stm32cube.ide.mcu.externaltools.gnu-tools-for-stm32.14.3.rel1.linux64_1.0.100.202602081740/tools/bin/../lib/gcc/arm-none-eabi/14.3.1/thumb/v7e-m+dp/hard/crtend.o
LOAD /opt/st/stm32cubeide_2.1.1/plugins/com.st.stm32cube.ide.mcu.externaltools.gnu-tools-for-stm32.14.3.rel1.linux64_1.0.100.202602081740/tools/bin/../lib/gcc/arm-none-eabi/14.3.1/thumb/v7e-m+dp/hard/crtn.o
                0x24080000                        _estack = (ORIGIN (RAM_D1) + LENGTH (RAM_D1))
                0x00000200                        _Min_Heap_Size = 0x200
                0x00000400                        _Min_Stack_Size = 0x400

.isr_vector     0x08000000      0x298
                0x08000000                        . = ALIGN (0x4)
 *(.isr_vector)
 .isr_vector    0x08000000      0x298 ./Core/Startup/startup_stm32h753iitx.o
                0x08000000                g_pfnVectors
                0x08000298                        . = ALIGN (0x4)

.text           0x080002a0     0xcf24
                0x080002a0                        . = ALIGN (0x4)
 *(.text)
 .text          0x080002a0       0x40 /opt/st/stm32cubeide_2.1.1/plugins/com.st.stm32cube.ide.mcu.externaltools.gnu-tools-for-stm32.14.3.rel1.linux64_1.0.100.202602081740/tools/bin/../lib/gcc/arm-none-eabi/14.3.1/thumb/v7e-m+dp/hard/crtbegin.o
 .text          0x080002e0       0x14 /opt/st/stm32cubeide_2.1.1/plugins/com.st.stm32cube.ide.mcu.externaltools.gnu-tools-for-stm32.14.3.rel1.linux64_1.0.100.202602081740/tools/bin/../lib/gcc/arm-none-eabi/14.3.1/../../../../arm-none-eabi/lib/thumb/v7e-m+dp/hard/libc_nano.a(libc_a-strcmp.o)
                0x080002e0                strcmp
 .text          0x080002f4       0x10 /opt/st/stm32cubeide_2.1.1/plugins/com.st.stm32cube.ide.mcu.externaltools.gnu-tools-for-stm32.14.3.rel1.linux64_1.0.100.202602081740/tools/bin/../lib/gcc/arm-none-eabi/14.3.1/../../../../arm-none-eabi/lib/thumb/v7e-m+dp/hard/libc_nano.a(libc_a-strlen.o)
                0x080002f4                strlen
 *fill*         0x08000304        0xc 
 .text          0x08000310       0xa0 /opt/st/stm32cubeide_2.1.1/plugins/com.st.stm32cube.ide.mcu.externaltools.gnu-tools-for-stm32.14.3.rel1.linux64_1.0.100.202602081740/tools/bin/../lib/gcc/arm-none-eabi/14.3.1/../../../../arm-none-eabi/lib/thumb/v7e-m+dp/hard/libc_nano.a(libc_a-memchr.o)
                0x08000310                memchr
 .text          0x080003b0       0x30 /opt/st/stm32cubeide_2.1.1/plugins/com.st.stm32cube.ide.mcu.externaltools.gnu-tools-for-stm32.14.3.rel1.linux64_1.0.100.202602081740/tools/bin/../lib/gcc/arm-none-eabi/14.3.1/thumb/v7e-m+dp/hard/libgcc.a(_aeabi_uldivmod.o)
                0x080003b0                __aeabi_uldivmod
 .text          0x080003e0      0x2f8 /opt/st/stm32cubeide_2.1.1/plugins/com.st.stm32cube.ide.mcu.externaltools.gnu-tools-for-stm32.14.3.rel1.linux64_1.0.100.202602081740/tools/bin/../lib/gcc/arm-none-eabi/14.3.1/thumb/v7e-m+dp/hard/libgcc.a(_udivmoddi4.o)
                0x080003e0                __udivmoddi4
 .text          0x080006d8        0x4 /opt/st/stm32cubeide_2.1.1/plugins/com.st.stm32cube.ide.mcu.externaltools.gnu-tools-for-stm32.14.3.rel1.linux64_1.0.100.202602081740/tools/bin/../lib/gcc/arm-none-eabi/14.3.1/thumb/v7e-m+dp/hard/libgcc.a(_dvmd_tls.o)
                0x080006d8                __aeabi_ldiv0
                0x080006d8                __aeabi_idiv0
 *(.text*)
 .text.AD5667_Init
                0x080006dc       0x5c ./Core/Src/ad5667.o
                0x080006dc                AD5667_Init
 .text.AD5667_SetVoltage
                0x08000738       0x3c ./Core/Src/ad5667.o
                0x08000738                AD5667_SetVoltage
 .text.AD5667_SetCode
                0x08000774       0x5c ./Core/Src/ad5667.o
                0x08000774                AD5667_SetCode
 .text.AD5667_SetBothVoltage
                0x080007d0       0x22 ./Core/Src/ad5667.o
                0x080007d0                AD5667_SetBothVoltage
 .text.AD5667_ClearToZero
                0x080007f2       0x1c ./Core/Src/ad5667.o
                0x080007f2                AD5667_ClearToZero
 *fill*         0x0800080e        0x2 
 .text.AD5667_VoltsToCode
                0x08000810       0xa4 ./Core/Src/ad5667.o
                0x08000810                AD5667_VoltsToCode
 .text.ad5667_write24
                0x080008b4       0x66 ./Core/Src/ad5667.o
 .text.ad5667_from_hal
                0x0800091a       0x2c ./Core/Src/ad5667.o
 .text.AD7190_Init
                0x08000946       0x8a ./Core/Src/ad7190.o
                0x08000946                AD7190_Init
 .text.AD7190_Reset
                0x080009d0       0x54 ./Core/Src/ad7190.o
                0x080009d0                AD7190_Reset
 .text.AD7190_ReadId
                0x08000a24       0x2a ./Core/Src/ad7190.o
                0x08000a24                AD7190_ReadId
 .text.AD7190_ReadStatus
                0x08000a4e       0x2a ./Core/Src/ad7190.o
                0x08000a4e                AD7190_ReadStatus
 .text.AD7190_Configure
                0x08000a78       0x92 ./Core/Src/ad7190.o
                0x08000a78                AD7190_Configure
 *fill*         0x08000b0a        0x2 
 .text.AD7190_ReadSingle
                0x08000b0c       0xcc ./Core/Src/ad7190.o
                0x08000b0c                AD7190_ReadSingle
 .text.AD7190_ConvertBipolarCode
                0x08000bd8       0x64 ./Core/Src/ad7190.o
                0x08000bd8                AD7190_ConvertBipolarCode
 .text.ad7190_read_register
                0x08000c3c       0xbe ./Core/Src/ad7190.o
 .text.ad7190_write_register
                0x08000cfa       0x9c ./Core/Src/ad7190.o
 .text.ad7190_write_mode
                0x08000d96       0x20 ./Core/Src/ad7190.o
 .text.ad7190_wait_ready
                0x08000db6       0x70 ./Core/Src/ad7190.o
 *fill*         0x08000e26        0x2 
 .text.ad7190_gain_value
                0x08000e28       0x60 ./Core/Src/ad7190.o
 .text.BoardOutput_Init
                0x08000e88       0x5c ./Core/Src/board_output.o
                0x08000e88                BoardOutput_Init
 .text.BoardOutput_SetDriveVoltage
                0x08000ee4       0x80 ./Core/Src/board_output.o
                0x08000ee4                BoardOutput_SetDriveVoltage
 .text.BoardOutput_SetZero
                0x08000f64       0x40 ./Core/Src/board_output.o
                0x08000f64                BoardOutput_SetZero
 .text.BoardOutput_RunR42SelfTest
                0x08000fa4      0x21c ./Core/Src/board_output.o
                0x08000fa4                BoardOutput_RunR42SelfTest
 .text.BoardOutput_GetMaxDriveVoltage
                0x080011c0       0x18 ./Core/Src/board_output.o
                0x080011c0                BoardOutput_GetMaxDriveVoltage
 .text.BoardOutput_StatusText
                0x080011d8       0x8c ./Core/Src/board_output.o
                0x080011d8                BoardOutput_StatusText
 .text.board_output_from_ad5667
                0x08001264       0x38 ./Core/Src/board_output.o
 .text.board_output_from_measure
                0x0800129c       0x50 ./Core/Src/board_output.o
 .text.board_output_safe_idle
                0x080012ec       0x12 ./Core/Src/board_output.o
 .text.board_output_absf
                0x080012fe       0x34 ./Core/Src/board_output.o
 *fill*         0x08001332        0x2 
 .text.BoardProtocol_Init
                0x08001334       0x18 ./Core/Src/board_protocol.o
                0x08001334                BoardProtocol_Init
 .text.BoardProtocol_Poll
                0x0800134c       0xa0 ./Core/Src/board_protocol.o
                0x0800134c                BoardProtocol_Poll
 .text.board_protocol_process_line
                0x080013ec      0x294 ./Core/Src/board_protocol.o
 .text.board_protocol_print_help
                0x08001680       0x18 ./Core/Src/board_protocol.o
 .text.board_protocol_print_temp
                0x08001698       0x64 ./Core/Src/board_protocol.o
 .text.board_protocol_print_control
                0x080016fc      0x104 ./Core/Src/board_protocol.o
 .text.board_protocol_print_ids
                0x08001800       0x50 ./Core/Src/board_protocol.o
 .text.board_protocol_print_r42
                0x08001850       0xa4 ./Core/Src/board_protocol.o
 .text.board_protocol_parse_i32
                0x080018f4       0xc6 ./Core/Src/board_protocol.o
 *fill*         0x080019ba        0x2 
 .text.board_protocol_float_to_milli
                0x080019bc       0x60 ./Core/Src/board_protocol.o
 .text.board_protocol_float_to_micro
                0x08001a1c       0x60 ./Core/Src/board_protocol.o
 .text.BoardTemperature_Init
                0x08001a7c       0x40 ./Core/Src/board_temperature.o
                0x08001a7c                BoardTemperature_Init
 .text.BoardTemperature_Read
                0x08001abc       0x7c ./Core/Src/board_temperature.o
                0x08001abc                BoardTemperature_Read
 .text.BoardTemperature_IsPresent
                0x08001b38       0x18 ./Core/Src/board_temperature.o
                0x08001b38                BoardTemperature_IsPresent
 .text.BoardTemperature_StatusText
                0x08001b50       0x74 ./Core/Src/board_temperature.o
                0x08001b50                BoardTemperature_StatusText
 .text.board_temperature_from_sht3x
                0x08001bc4       0x4c ./Core/Src/board_temperature.o
 .text.BoardUart_Init
                0x08001c10       0x2c ./Core/Src/board_uart.o
                0x08001c10                BoardUart_Init
 .text.BoardUart_Write
                0x08001c3c       0x86 ./Core/Src/board_uart.o
                0x08001c3c                BoardUart_Write
 .text.BoardUart_WriteString
                0x08001cc2       0x34 ./Core/Src/board_uart.o
                0x08001cc2                BoardUart_WriteString
 .text.BoardUart_Printf
                0x08001cf6       0x94 ./Core/Src/board_uart.o
                0x08001cf6                BoardUart_Printf
 .text.BoardUart_Read
                0x08001d8a       0x68 ./Core/Src/board_uart.o
                0x08001d8a                BoardUart_Read
 *fill*         0x08001df2        0x2 
 .text.board_uart_get_handle
                0x08001df4       0x38 ./Core/Src/board_uart.o
 .text.board_uart_from_hal
                0x08001e2c       0x2c ./Core/Src/board_uart.o
 .text.board_uart_rs485_set_tx
                0x08001e58       0x30 ./Core/Src/board_uart.o
 .text.ChipMeasure_Init
                0x08001e88       0xac ./Core/Src/chip_measure.o
                0x08001e88                ChipMeasure_Init
 .text.ChipMeasure_ReadAdcIds
                0x08001f34       0x68 ./Core/Src/chip_measure.o
                0x08001f34                ChipMeasure_ReadAdcIds
 .text.ChipMeasure_SelectPath
                0x08001f9c       0x64 ./Core/Src/chip_measure.o
                0x08001f9c                ChipMeasure_SelectPath
 .text.ChipMeasure_ReadCurrent
                0x08002000       0x58 ./Core/Src/chip_measure.o
                0x08002000                ChipMeasure_ReadCurrent
 .text.ChipMeasure_ReadLoadVoltage
                0x08002058       0x78 ./Core/Src/chip_measure.o
                0x08002058                ChipMeasure_ReadLoadVoltage
 .text.chip_measure_from_ad7190_status
                0x080020d0       0x4c ./Core/Src/chip_measure.o
 .text.App_ChipMeasureStatusText
                0x0800211c       0x74 ./Core/Src/main.o
 .text.App_ProcessDebugLine
                0x08002190      0x380 ./Core/Src/main.o
 .text.App_PrintHelp
                0x08002510       0x18 ./Core/Src/main.o
 .text.App_PrintTemperature
                0x08002528       0x64 ./Core/Src/main.o
 .text.App_PrintThermalControl
                0x0800258c      0x12c ./Core/Src/main.o
 .text.App_ParseFloat
                0x080026b8      0x148 ./Core/Src/main.o
 .text.App_FloatToMilli
                0x08002800       0x60 ./Core/Src/main.o
 .text.main     0x08002860      0x1e4 ./Core/Src/main.o
                0x08002860                main
 .text.SystemClock_Config
                0x08002a44       0xf4 ./Core/Src/main.o
                0x08002a44                SystemClock_Config
 .text.MX_I2C1_Init
                0x08002b38       0x80 ./Core/Src/main.o
 .text.MX_SPI1_Init
                0x08002bb8       0xb0 ./Core/Src/main.o
 .text.MX_SPI2_Init
                0x08002c68       0xb0 ./Core/Src/main.o
 .text.MX_TIM1_Init
                0x08002d18       0xa8 ./Core/Src/main.o
 .text.MX_TIM3_Init
                0x08002dc0       0xa0 ./Core/Src/main.o
 .text.MX_USART1_UART_Init
                0x08002e60       0x98 ./Core/Src/main.o
 .text.MX_USART2_UART_Init
                0x08002ef8       0x98 ./Core/Src/main.o
 .text.MX_GPIO_Init
                0x08002f90      0x2ec ./Core/Src/main.o
 .text.Error_Handler
                0x0800327c        0xc ./Core/Src/main.o
                0x0800327c                Error_Handler
 .text.SHT3X_Init
                0x08003288       0x4c ./Core/Src/sht3x.o
                0x08003288                SHT3X_Init
 .text.SHT3X_Read
                0x080032d4      0x124 ./Core/Src/sht3x.o
                0x080032d4                SHT3X_Read
 .text.sht3x_write_command
                0x080033f8       0x5c ./Core/Src/sht3x.o
 .text.sht3x_from_hal
                0x08003454       0x2c ./Core/Src/sht3x.o
 .text.sht3x_crc8
                0x08003480       0x6e ./Core/Src/sht3x.o
 *fill*         0x080034ee        0x2 
 .text.HAL_MspInit
                0x080034f0       0x34 ./Core/Src/stm32h7xx_hal_msp.o
                0x080034f0                HAL_MspInit
 .text.HAL_I2C_MspInit
                0x08003524       0xd0 ./Core/Src/stm32h7xx_hal_msp.o
                0x08003524                HAL_I2C_MspInit
 .text.HAL_SPI_MspInit
                0x080035f4      0x210 ./Core/Src/stm32h7xx_hal_msp.o
                0x080035f4                HAL_SPI_MspInit
 .text.HAL_TIM_Base_MspInit
                0x08003804       0x80 ./Core/Src/stm32h7xx_hal_msp.o
                0x08003804                HAL_TIM_Base_MspInit
 .text.HAL_UART_MspInit
                0x08003884      0x184 ./Core/Src/stm32h7xx_hal_msp.o
                0x08003884                HAL_UART_MspInit
 .text.NMI_Handler
                0x08003a08        0x8 ./Core/Src/stm32h7xx_it.o
                0x08003a08                NMI_Handler
 .text.HardFault_Handler
                0x08003a10        0x8 ./Core/Src/stm32h7xx_it.o
                0x08003a10                HardFault_Handler
 .text.MemManage_Handler
                0x08003a18        0x8 ./Core/Src/stm32h7xx_it.o
                0x08003a18                MemManage_Handler
 .text.BusFault_Handler
                0x08003a20        0x8 ./Core/Src/stm32h7xx_it.o
                0x08003a20                BusFault_Handler
 .text.UsageFault_Handler
                0x08003a28        0x8 ./Core/Src/stm32h7xx_it.o
                0x08003a28                UsageFault_Handler
 .text.SVC_Handler
                0x08003a30        0xe ./Core/Src/stm32h7xx_it.o
                0x08003a30                SVC_Handler
 .text.DebugMon_Handler
                0x08003a3e        0xe ./Core/Src/stm32h7xx_it.o
                0x08003a3e                DebugMon_Handler
 .text.PendSV_Handler
                0x08003a4c        0xe ./Core/Src/stm32h7xx_it.o
                0x08003a4c                PendSV_Handler
 .text.SysTick_Handler
                0x08003a5a        0xc ./Core/Src/stm32h7xx_it.o
                0x08003a5a                SysTick_Handler
 *fill*         0x08003a66        0x2 
 .text.TIM3_IRQHandler
                0x08003a68       0x14 ./Core/Src/stm32h7xx_it.o
                0x08003a68                TIM3_IRQHandler
 .text.USART2_IRQHandler
                0x08003a7c       0x14 ./Core/Src/stm32h7xx_it.o
                0x08003a7c                USART2_IRQHandler
 .text._sbrk    0x08003a90       0x6c ./Core/Src/sysmem.o
                0x08003a90                _sbrk
 .text.SystemInit
                0x08003afc      0x140 ./Core/Src/system_stm32h7xx.o
                0x08003afc                SystemInit
 .text.ExitRun0Mode
                0x08003c3c       0x30 ./Core/Src/system_stm32h7xx.o
                0x08003c3c                ExitRun0Mode
 .text.ThermalControl_Init
                0x08003c6c       0xa0 ./Core/Src/thermal_control.o
                0x08003c6c                ThermalControl_Init
 .text.ThermalControl_Stop
                0x08003d0c       0x40 ./Core/Src/thermal_control.o
                0x08003d0c                ThermalControl_Stop
 .text.ThermalControl_SetTargetCurrent
                0x08003d4c       0x6c ./Core/Src/thermal_control.o
                0x08003d4c                ThermalControl_SetTargetCurrent
 .text.ThermalControl_SetTargetTemperature
                0x08003db8       0x7c ./Core/Src/thermal_control.o
                0x08003db8                ThermalControl_SetTargetTemperature
 .text.ThermalControl_Service
                0x08003e34      0x274 ./Core/Src/thermal_control.o
                0x08003e34                ThermalControl_Service
 .text.ThermalControl_GetSnapshot
                0x080040a8       0x34 ./Core/Src/thermal_control.o
                0x080040a8                ThermalControl_GetSnapshot
 .text.ThermalControl_StatusText
                0x080040dc       0xbc ./Core/Src/thermal_control.o
                0x080040dc                ThermalControl_StatusText
 .text.ThermalControl_ModeText
                0x08004198       0x48 ./Core/Src/thermal_control.o
                0x08004198                ThermalControl_ModeText
 .text.thermal_control_measure
                0x080041e0      0x124 ./Core/Src/thermal_control.o
 .text.thermal_control_read_temperature
                0x08004304       0x3a ./Core/Src/thermal_control.o
 *fill*         0x0800433e        0x2 
 .text.thermal_control_apply_drive
                0x08004340       0x6c ./Core/Src/thermal_control.o
 .text.thermal_control_fault
                0x080043ac       0x3c ./Core/Src/thermal_control.o
 .text.thermal_control_temperature_pi
                0x080043e8      0x108 ./Core/Src/thermal_control.o
 .text.thermal_control_reset_temperature_pi
                0x080044f0       0x24 ./Core/Src/thermal_control.o
 .text.thermal_control_zero_output
                0x08004514       0x2c ./Core/Src/thermal_control.o
 .text.thermal_control_absf
                0x08004540       0x34 ./Core/Src/thermal_control.o
 .text.thermal_control_clampf
                0x08004574       0x52 ./Core/Src/thermal_control.o
 .text.thermal_control_slew
                0x080045c6       0x74 ./Core/Src/thermal_control.o
 .text.thermal_control_from_measure
                0x0800463a       0x2c ./Core/Src/thermal_control.o
 *fill*         0x08004666        0x2 
 .text.thermal_control_from_output
                0x08004668       0x50 ./Core/Src/thermal_control.o
 .text.Reset_Handler
                0x080046b8       0x54 ./Core/Startup/startup_stm32h753iitx.o
                0x080046b8                Reset_Handler
 .text.Default_Handler
                0x0800470c        0x2 ./Core/Startup/startup_stm32h753iitx.o
                0x0800470c                RTC_Alarm_IRQHandler
                0x0800470c                HASH_RNG_IRQHandler
                0x0800470c                EXTI2_IRQHandler
                0x0800470c                TIM8_CC_IRQHandler
                0x0800470c                HRTIM1_Master_IRQHandler
                0x0800470c                UART8_IRQHandler
                0x0800470c                SPI4_IRQHandler
                0x0800470c                TIM1_CC_IRQHandler
                0x0800470c                BDMA_Channel6_IRQHandler
                0x0800470c                DMA2_Stream5_IRQHandler
                0x0800470c                HRTIM1_FLT_IRQHandler
                0x0800470c                JPEG_IRQHandler
                0x0800470c                DMA1_Stream5_IRQHandler
                0x0800470c                BDMA_Channel1_IRQHandler
                0x0800470c                HRTIM1_TIMD_IRQHandler
                0x0800470c                TAMP_STAMP_IRQHandler
                0x0800470c                EXTI3_IRQHandler
                0x0800470c                LPTIM4_IRQHandler
                0x0800470c                TIM8_TRG_COM_TIM14_IRQHandler
                0x0800470c                LPTIM2_IRQHandler
                0x0800470c                DFSDM1_FLT1_IRQHandler
                0x0800470c                DMAMUX2_OVR_IRQHandler
                0x0800470c                TIM8_UP_TIM13_IRQHandler
                0x0800470c                I2C3_ER_IRQHandler
                0x0800470c                DFSDM1_FLT2_IRQHandler
                0x0800470c                MDMA_IRQHandler
                0x0800470c                LPTIM3_IRQHandler
                0x0800470c                HSEM1_IRQHandler
                0x0800470c                EXTI0_IRQHandler
                0x0800470c                I2C2_EV_IRQHandler
                0x0800470c                DMA1_Stream2_IRQHandler
                0x0800470c                FPU_IRQHandler
                0x0800470c                OTG_HS_WKUP_IRQHandler
                0x0800470c                FDCAN1_IT1_IRQHandler
                0x0800470c                LTDC_ER_IRQHandler
                0x0800470c                DMA2_Stream2_IRQHandler
                0x0800470c                HRTIM1_TIME_IRQHandler
                0x0800470c                SPI1_IRQHandler
                0x0800470c                TIM6_DAC_IRQHandler
                0x0800470c                DCMI_IRQHandler
                0x0800470c                HRTIM1_TIMC_IRQHandler
                0x0800470c                DMA2_Stream3_IRQHandler
                0x0800470c                SAI2_IRQHandler
                0x0800470c                DFSDM1_FLT3_IRQHandler
                0x0800470c                USART6_IRQHandler
                0x0800470c                TIM17_IRQHandler
                0x0800470c                USART3_IRQHandler
                0x0800470c                BDMA_Channel7_IRQHandler
                0x0800470c                CRYP_IRQHandler
                0x0800470c                LPTIM5_IRQHandler
                0x0800470c                UART5_IRQHandler
                0x0800470c                ADC3_IRQHandler
                0x0800470c                DMA2_Stream0_IRQHandler
                0x0800470c                TIM4_IRQHandler
                0x0800470c                BDMA_Channel2_IRQHandler
                0x0800470c                QUADSPI_IRQHandler
                0x0800470c                I2C1_EV_IRQHandler
                0x0800470c                DMA1_Stream6_IRQHandler
                0x0800470c                DMAMUX1_OVR_IRQHandler
                0x0800470c                DMA1_Stream1_IRQHandler
                0x0800470c                TIM16_IRQHandler
                0x0800470c                UART4_IRQHandler
                0x0800470c                BDMA_Channel5_IRQHandler
                0x0800470c                RCC_IRQHandler
                0x0800470c                TIM8_BRK_TIM12_IRQHandler
                0x0800470c                TIM1_TRG_COM_IRQHandler
                0x0800470c                Default_Handler
                0x0800470c                ECC_IRQHandler
                0x0800470c                CEC_IRQHandler
                0x0800470c                EXTI15_10_IRQHandler
                0x0800470c                BDMA_Channel0_IRQHandler
                0x0800470c                ADC_IRQHandler
                0x0800470c                DMA1_Stream7_IRQHandler
                0x0800470c                HRTIM1_TIMA_IRQHandler
                0x0800470c                SPI5_IRQHandler
                0x0800470c                TIM7_IRQHandler
                0x0800470c                SDMMC1_IRQHandler
                0x0800470c                TIM5_IRQHandler
                0x0800470c                DMA2_Stream7_IRQHandler
                0x0800470c                TIM15_IRQHandler
                0x0800470c                PVD_AVD_IRQHandler
                0x0800470c                I2C3_EV_IRQHandler
                0x0800470c                EXTI9_5_IRQHandler
                0x0800470c                RTC_WKUP_IRQHandler
                0x0800470c                LTDC_IRQHandler
                0x0800470c                SAI3_IRQHandler
                0x0800470c                ETH_WKUP_IRQHandler
                0x0800470c                SPDIF_RX_IRQHandler
                0x0800470c                SPI2_IRQHandler
                0x0800470c                OTG_HS_EP1_IN_IRQHandler
                0x0800470c                DMA1_Stream0_IRQHandler
                0x0800470c                CRS_IRQHandler
                0x0800470c                EXTI4_IRQHandler
                0x0800470c                HRTIM1_TIMB_IRQHandler
                0x0800470c                FDCAN2_IT1_IRQHandler
                0x0800470c                ETH_IRQHandler
                0x0800470c                TIM1_UP_IRQHandler
                0x0800470c                BDMA_Channel4_IRQHandler
                0x0800470c                OTG_HS_EP1_OUT_IRQHandler
                0x0800470c                WWDG_IRQHandler
                0x0800470c                SPI6_IRQHandler
                0x0800470c                MDIOS_IRQHandler
                0x0800470c                I2C4_EV_IRQHandler
                0x0800470c                FDCAN2_IT0_IRQHandler
                0x0800470c                LPUART1_IRQHandler
                0x0800470c                FDCAN1_IT0_IRQHandler
                0x0800470c                TIM2_IRQHandler
                0x0800470c                OTG_FS_WKUP_IRQHandler
                0x0800470c                OTG_HS_IRQHandler
                0x0800470c                DMA2D_IRQHandler
                0x0800470c                TIM1_BRK_IRQHandler
                0x0800470c                EXTI1_IRQHandler
                0x0800470c                SDMMC2_IRQHandler
                0x0800470c                OTG_FS_EP1_OUT_IRQHandler
                0x0800470c                BDMA_Channel3_IRQHandler
                0x0800470c                UART7_IRQHandler
                0x0800470c                MDIOS_WKUP_IRQHandler
                0x0800470c                DFSDM1_FLT0_IRQHandler
                0x0800470c                SAI4_IRQHandler
                0x0800470c                I2C2_ER_IRQHandler
                0x0800470c                DMA2_Stream1_IRQHandler
                0x0800470c                FLASH_IRQHandler
                0x0800470c                DMA2_Stream4_IRQHandler
                0x0800470c                USART1_IRQHandler
                0x0800470c                OTG_FS_IRQHandler
                0x0800470c                SPI3_IRQHandler
                0x0800470c                WAKEUP_PIN_IRQHandler
                0x0800470c                DMA1_Stream4_IRQHandler
                0x0800470c                OTG_FS_EP1_IN_IRQHandler
                0x0800470c                I2C1_ER_IRQHandler
                0x0800470c                FMC_IRQHandler
                0x0800470c                FDCAN_CAL_IRQHandler
                0x0800470c                SWPMI1_IRQHandler
                0x0800470c                COMP1_IRQHandler
                0x0800470c                LPTIM1_IRQHandler
                0x0800470c                I2C4_ER_IRQHandler
                0x0800470c                DMA2_Stream6_IRQHandler
                0x0800470c                SAI1_IRQHandler
                0x0800470c                DMA1_Stream3_IRQHandler
 *fill*         0x0800470e        0x2 
 .text.HAL_Init
                0x08004710       0x78 ./Drivers/STM32H7xx_HAL_Driver/Src/stm32h7xx_hal.o
                0x08004710                HAL_Init
 .text.HAL_InitTick
                0x08004788       0x6c ./Drivers/STM32H7xx_HAL_Driver/Src/stm32h7xx_hal.o
                0x08004788                HAL_InitTick
 .text.HAL_IncTick
                0x080047f4       0x28 ./Drivers/STM32H7xx_HAL_Driver/Src/stm32h7xx_hal.o
                0x080047f4                HAL_IncTick
 .text.HAL_GetTick
                0x0800481c       0x18 ./Drivers/STM32H7xx_HAL_Driver/Src/stm32h7xx_hal.o
                0x0800481c                HAL_GetTick
 .text.HAL_Delay
                0x08004834       0x48 ./Drivers/STM32H7xx_HAL_Driver/Src/stm32h7xx_hal.o
                0x08004834                HAL_Delay
 .text.HAL_GetREVID
                0x0800487c       0x18 ./Drivers/STM32H7xx_HAL_Driver/Src/stm32h7xx_hal.o
                0x0800487c                HAL_GetREVID
 .text.HAL_SYSCFG_AnalogSwitchConfig
                0x08004894       0x2c ./Drivers/STM32H7xx_HAL_Driver/Src/stm32h7xx_hal.o
                0x08004894                HAL_SYSCFG_AnalogSwitchConfig
 .text.__NVIC_SetPriorityGrouping
                0x080048c0       0x48 ./Drivers/STM32H7xx_HAL_Driver/Src/stm32h7xx_hal_cortex.o
 .text.__NVIC_GetPriorityGrouping
                0x08004908       0x1c ./Drivers/STM32H7xx_HAL_Driver/Src/stm32h7xx_hal_cortex.o
 .text.__NVIC_EnableIRQ
                0x08004924       0x3c ./Drivers/STM32H7xx_HAL_Driver/Src/stm32h7xx_hal_cortex.o
 .text.__NVIC_SetPriority
                0x08004960       0x54 ./Drivers/STM32H7xx_HAL_Driver/Src/stm32h7xx_hal_cortex.o
 .text.NVIC_EncodePriority
                0x080049b4       0x66 ./Drivers/STM32H7xx_HAL_Driver/Src/stm32h7xx_hal_cortex.o
 *fill*         0x08004a1a        0x2 
 .text.SysTick_Config
                0x08004a1c       0x44 ./Drivers/STM32H7xx_HAL_Driver/Src/stm32h7xx_hal_cortex.o
 .text.HAL_NVIC_SetPriorityGrouping
                0x08004a60       0x16 ./Drivers/STM32H7xx_HAL_Driver/Src/stm32h7xx_hal_cortex.o
                0x08004a60                HAL_NVIC_SetPriorityGrouping
 .text.HAL_NVIC_SetPriority
                0x08004a76       0x34 ./Drivers/STM32H7xx_HAL_Driver/Src/stm32h7xx_hal_cortex.o
                0x08004a76                HAL_NVIC_SetPriority
 .text.HAL_NVIC_EnableIRQ
                0x08004aaa       0x1c ./Drivers/STM32H7xx_HAL_Driver/Src/stm32h7xx_hal_cortex.o
                0x08004aaa                HAL_NVIC_EnableIRQ
 .text.HAL_SYSTICK_Config
                0x08004ac6       0x18 ./Drivers/STM32H7xx_HAL_Driver/Src/stm32h7xx_hal_cortex.o
                0x08004ac6                HAL_SYSTICK_Config
 *fill*         0x08004ade        0x2 
 .text.HAL_DMA_Abort
                0x08004ae0      0x63c ./Drivers/STM32H7xx_HAL_Driver/Src/stm32h7xx_hal_dma.o
                0x08004ae0                HAL_DMA_Abort
 .text.HAL_DMA_Abort_IT
                0x0800511c      0x48c ./Drivers/STM32H7xx_HAL_Driver/Src/stm32h7xx_hal_dma.o
                0x0800511c                HAL_DMA_Abort_IT
 .text.HAL_GPIO_Init
                0x080055a8      0x360 ./Drivers/STM32H7xx_HAL_Driver/Src/stm32h7xx_hal_gpio.o
                0x080055a8                HAL_GPIO_Init
 .text.HAL_GPIO_WritePin
                0x08005908       0x32 ./Drivers/STM32H7xx_HAL_Driver/Src/stm32h7xx_hal_gpio.o
                0x08005908                HAL_GPIO_WritePin
 *fill*         0x0800593a        0x2 
 .text.HAL_I2C_Init
                0x0800593c      0x138 ./Drivers/STM32H7xx_HAL_Driver/Src/stm32h7xx_hal_i2c.o
                0x0800593c                HAL_I2C_Init
 .text.HAL_I2C_Master_Transmit
                0x08005a74      0x230 ./Drivers/STM32H7xx_HAL_Driver/Src/stm32h7xx_hal_i2c.o
                0x08005a74                HAL_I2C_Master_Transmit
 .text.HAL_I2C_Master_Receive
                0x08005ca4      0x1ec ./Drivers/STM32H7xx_HAL_Driver/Src/stm32h7xx_hal_i2c.o
                0x08005ca4                HAL_I2C_Master_Receive
 .text.HAL_I2C_IsDeviceReady
                0x08005e90      0x20c ./Drivers/STM32H7xx_HAL_Driver/Src/stm32h7xx_hal_i2c.o
                0x08005e90                HAL_I2C_IsDeviceReady
 .text.I2C_Flush_TXDR
                0x0800609c       0x48 ./Drivers/STM32H7xx_HAL_Driver/Src/stm32h7xx_hal_i2c.o
 .text.I2C_WaitOnFlagUntilTimeout
                0x080060e4       0xb2 ./Drivers/STM32H7xx_HAL_Driver/Src/stm32h7xx_hal_i2c.o
 .text.I2C_WaitOnTXISFlagUntilTimeout
                0x08006196       0x8e ./Drivers/STM32H7xx_HAL_Driver/Src/stm32h7xx_hal_i2c.o
 .text.I2C_WaitOnSTOPFlagUntilTimeout
                0x08006224       0x86 ./Drivers/STM32H7xx_HAL_Driver/Src/stm32h7xx_hal_i2c.o
 *fill*         0x080062aa        0x2 
 .text.I2C_WaitOnRXNEFlagUntilTimeout
                0x080062ac      0x118 ./Drivers/STM32H7xx_HAL_Driver/Src/stm32h7xx_hal_i2c.o
 .text.I2C_IsErrorOccurred
                0x080063c4      0x1c0 ./Drivers/STM32H7xx_HAL_Driver/Src/stm32h7xx_hal_i2c.o
 .text.I2C_TransferConfig
                0x08006584       0x64 ./Drivers/STM32H7xx_HAL_Driver/Src/stm32h7xx_hal_i2c.o
 .text.HAL_I2CEx_ConfigAnalogFilter
                0x080065e8       0x96 ./Drivers/STM32H7xx_HAL_Driver/Src/stm32h7xx_hal_i2c_ex.o
                0x080065e8                HAL_I2CEx_ConfigAnalogFilter
 .text.HAL_I2CEx_ConfigDigitalFilter
                0x0800667e       0x98 ./Drivers/STM32H7xx_HAL_Driver/Src/stm32h7xx_hal_i2c_ex.o
                0x0800667e                HAL_I2CEx_ConfigDigitalFilter
 *fill*         0x08006716        0x2 
 .text.HAL_PWREx_ConfigSupply
                0x08006718       0x74 ./Drivers/STM32H7xx_HAL_Driver/Src/stm32h7xx_hal_pwr_ex.o
                0x08006718                HAL_PWREx_ConfigSupply
 .text.HAL_RCC_OscConfig
                0x0800678c      0x8b4 ./Drivers/STM32H7xx_HAL_Driver/Src/stm32h7xx_hal_rcc.o
                0x0800678c                HAL_RCC_OscConfig
 .text.HAL_RCC_ClockConfig
                0x08007040      0x36c ./Drivers/STM32H7xx_HAL_Driver/Src/stm32h7xx_hal_rcc.o
                0x08007040                HAL_RCC_ClockConfig
 .text.HAL_RCC_GetSysClockFreq
                0x080073ac      0x2f4 ./Drivers/STM32H7xx_HAL_Driver/Src/stm32h7xx_hal_rcc.o
                0x080073ac                HAL_RCC_GetSysClockFreq
 .text.HAL_RCC_GetHCLKFreq
                0x080076a0       0x60 ./Drivers/STM32H7xx_HAL_Driver/Src/stm32h7xx_hal_rcc.o
                0x080076a0                HAL_RCC_GetHCLKFreq
 .text.HAL_RCC_GetPCLK1Freq
                0x08007700       0x2c ./Drivers/STM32H7xx_HAL_Driver/Src/stm32h7xx_hal_rcc.o
                0x08007700                HAL_RCC_GetPCLK1Freq
 .text.HAL_RCC_GetPCLK2Freq
                0x0800772c       0x2c ./Drivers/STM32H7xx_HAL_Driver/Src/stm32h7xx_hal_rcc.o
                0x0800772c                HAL_RCC_GetPCLK2Freq
 .text.HAL_RCCEx_PeriphCLKConfig
                0x08007758     0x1414 ./Drivers/STM32H7xx_HAL_Driver/Src/stm32h7xx_hal_rcc_ex.o
                0x08007758                HAL_RCCEx_PeriphCLKConfig
 .text.HAL_RCCEx_GetD3PCLK1Freq
                0x08008b6c       0x2c ./Drivers/STM32H7xx_HAL_Driver/Src/stm32h7xx_hal_rcc_ex.o
                0x08008b6c                HAL_RCCEx_GetD3PCLK1Freq
 .text.HAL_RCCEx_GetPLL2ClockFreq
                0x08008b98      0x2a8 ./Drivers/STM32H7xx_HAL_Driver/Src/stm32h7xx_hal_rcc_ex.o
                0x08008b98                HAL_RCCEx_GetPLL2ClockFreq
 .text.HAL_RCCEx_GetPLL3ClockFreq
                0x08008e40      0x2a8 ./Drivers/STM32H7xx_HAL_Driver/Src/stm32h7xx_hal_rcc_ex.o
                0x08008e40                HAL_RCCEx_GetPLL3ClockFreq
 .text.RCCEx_PLL2_Config
                0x080090e8      0x164 ./Drivers/STM32H7xx_HAL_Driver/Src/stm32h7xx_hal_rcc_ex.o
 .text.RCCEx_PLL3_Config
                0x0800924c      0x164 ./Drivers/STM32H7xx_HAL_Driver/Src/stm32h7xx_hal_rcc_ex.o
 .text.HAL_SPI_Init
                0x080093b0      0x248 ./Drivers/STM32H7xx_HAL_Driver/Src/stm32h7xx_hal_spi.o
                0x080093b0                HAL_SPI_Init
 .text.HAL_SPI_Transmit
                0x080095f8      0x3dc ./Drivers/STM32H7xx_HAL_Driver/Src/stm32h7xx_hal_spi.o
                0x080095f8                HAL_SPI_Transmit
 .text.HAL_SPI_TransmitReceive
                0x080099d4      0x674 ./Drivers/STM32H7xx_HAL_Driver/Src/stm32h7xx_hal_spi.o
                0x080099d4                HAL_SPI_TransmitReceive
 .text.SPI_CloseTransfer
                0x0800a048      0x140 ./Drivers/STM32H7xx_HAL_Driver/Src/stm32h7xx_hal_spi.o
 .text.SPI_WaitOnFlagUntilTimeout
                0x0800a188       0x5c ./Drivers/STM32H7xx_HAL_Driver/Src/stm32h7xx_hal_spi.o
 .text.SPI_GetPacketSize
                0x0800a1e4       0x36 ./Drivers/STM32H7xx_HAL_Driver/Src/stm32h7xx_hal_spi.o
 .text.HAL_TIM_Base_Init
                0x0800a21a       0xae ./Drivers/STM32H7xx_HAL_Driver/Src/stm32h7xx_hal_tim.o
                0x0800a21a                HAL_TIM_Base_Init
 .text.HAL_TIM_IRQHandler
                0x0800a2c8      0x20e ./Drivers/STM32H7xx_HAL_Driver/Src/stm32h7xx_hal_tim.o
                0x0800a2c8                HAL_TIM_IRQHandler
 *fill*         0x0800a4d6        0x2 
 .text.HAL_TIM_ConfigClockSource
                0x0800a4d8      0x1f0 ./Drivers/STM32H7xx_HAL_Driver/Src/stm32h7xx_hal_tim.o
                0x0800a4d8                HAL_TIM_ConfigClockSource
 .text.HAL_TIM_PeriodElapsedCallback
                0x0800a6c8       0x14 ./Drivers/STM32H7xx_HAL_Driver/Src/stm32h7xx_hal_tim.o
                0x0800a6c8                HAL_TIM_PeriodElapsedCallback
 .text.HAL_TIM_OC_DelayElapsedCallback
                0x0800a6dc       0x14 ./Drivers/STM32H7xx_HAL_Driver/Src/stm32h7xx_hal_tim.o
                0x0800a6dc                HAL_TIM_OC_DelayElapsedCallback
 .text.HAL_TIM_IC_CaptureCallback
                0x0800a6f0       0x14 ./Drivers/STM32H7xx_HAL_Driver/Src/stm32h7xx_hal_tim.o
                0x0800a6f0                HAL_TIM_IC_CaptureCallback
 .text.HAL_TIM_PWM_PulseFinishedCallback
                0x0800a704       0x14 ./Drivers/STM32H7xx_HAL_Driver/Src/stm32h7xx_hal_tim.o
                0x0800a704                HAL_TIM_PWM_PulseFinishedCallback
 .text.HAL_TIM_TriggerCallback
                0x0800a718       0x14 ./Drivers/STM32H7xx_HAL_Driver/Src/stm32h7xx_hal_tim.o
                0x0800a718                HAL_TIM_TriggerCallback
 .text.TIM_Base_SetConfig
                0x0800a72c      0x140 ./Drivers/STM32H7xx_HAL_Driver/Src/stm32h7xx_hal_tim.o
                0x0800a72c                TIM_Base_SetConfig
 .text.TIM_TI1_ConfigInputStage
                0x0800a86c       0x5e ./Drivers/STM32H7xx_HAL_Driver/Src/stm32h7xx_hal_tim.o
 .text.TIM_TI2_ConfigInputStage
                0x0800a8ca       0x60 ./Drivers/STM32H7xx_HAL_Driver/Src/stm32h7xx_hal_tim.o
 *fill*         0x0800a92a        0x2 
 .text.TIM_ITRx_SetConfig
                0x0800a92c       0x3c ./Drivers/STM32H7xx_HAL_Driver/Src/stm32h7xx_hal_tim.o
 .text.TIM_ETR_SetConfig
                0x0800a968       0x40 ./Drivers/STM32H7xx_HAL_Driver/Src/stm32h7xx_hal_tim.o
                0x0800a968                TIM_ETR_SetConfig
 .text.HAL_TIMEx_MasterConfigSynchronization
                0x0800a9a8      0x11c ./Drivers/STM32H7xx_HAL_Driver/Src/stm32h7xx_hal_tim_ex.o
                0x0800a9a8                HAL_TIMEx_MasterConfigSynchronization
 .text.HAL_TIMEx_CommutCallback
                0x0800aac4       0x14 ./Drivers/STM32H7xx_HAL_Driver/Src/stm32h7xx_hal_tim_ex.o
                0x0800aac4                HAL_TIMEx_CommutCallback
 .text.HAL_TIMEx_BreakCallback
                0x0800aad8       0x14 ./Drivers/STM32H7xx_HAL_Driver/Src/stm32h7xx_hal_tim_ex.o
                0x0800aad8                HAL_TIMEx_BreakCallback
 .text.HAL_TIMEx_Break2Callback
                0x0800aaec       0x14 ./Drivers/STM32H7xx_HAL_Driver/Src/stm32h7xx_hal_tim_ex.o
                0x0800aaec                HAL_TIMEx_Break2Callback
 .text.HAL_UART_Init
                0x0800ab00       0xa0 ./Drivers/STM32H7xx_HAL_Driver/Src/stm32h7xx_hal_uart.o
                0x0800ab00                HAL_UART_Init
 .text.HAL_UART_Transmit
                0x0800aba0      0x11c ./Drivers/STM32H7xx_HAL_Driver/Src/stm32h7xx_hal_uart.o
                0x0800aba0                HAL_UART_Transmit
 .text.HAL_UART_Receive
                0x0800acbc      0x190 ./Drivers/STM32H7xx_HAL_Driver/Src/stm32h7xx_hal_uart.o
                0x0800acbc                HAL_UART_Receive
 .text.HAL_UART_IRQHandler
                0x0800ae4c      0x7ac ./Drivers/STM32H7xx_HAL_Driver/Src/stm32h7xx_hal_uart.o
                0x0800ae4c                HAL_UART_IRQHandler
 .text.HAL_UART_TxCpltCallback
                0x0800b5f8       0x14 ./Drivers/STM32H7xx_HAL_Driver/Src/stm32h7xx_hal_uart.o
                0x0800b5f8                HAL_UART_TxCpltCallback
 .text.HAL_UART_ErrorCallback
                0x0800b60c       0x14 ./Drivers/STM32H7xx_HAL_Driver/Src/stm32h7xx_hal_uart.o
                0x0800b60c                HAL_UART_ErrorCallback
 .text.HAL_UARTEx_RxEventCallback
                0x0800b620       0x18 ./Drivers/STM32H7xx_HAL_Driver/Src/stm32h7xx_hal_uart.o
                0x0800b620                HAL_UARTEx_RxEventCallback
 .text.UART_SetConfig
                0x0800b638      0xad0 ./Drivers/STM32H7xx_HAL_Driver/Src/stm32h7xx_hal_uart.o
                0x0800b638                UART_SetConfig
 .text.UART_AdvFeatureConfig
                0x0800c108      0x144 ./Drivers/STM32H7xx_HAL_Driver/Src/stm32h7xx_hal_uart.o
                0x0800c108                UART_AdvFeatureConfig
 .text.UART_CheckIdleState
                0x0800c24c      0x154 ./Drivers/STM32H7xx_HAL_Driver/Src/stm32h7xx_hal_uart.o
                0x0800c24c                UART_CheckIdleState
 .text.UART_WaitOnFlagUntilTimeout
                0x0800c3a0       0xda ./Drivers/STM32H7xx_HAL_Driver/Src/stm32h7xx_hal_uart.o
                0x0800c3a0                UART_WaitOnFlagUntilTimeout
 *fill*         0x0800c47a        0x2 
 .text.UART_EndRxTransfer
                0x0800c47c       0xcc ./Drivers/STM32H7xx_HAL_Driver/Src/stm32h7xx_hal_uart.o
 .text.UART_DMAAbortOnError
                0x0800c548       0x24 ./Drivers/STM32H7xx_HAL_Driver/Src/stm32h7xx_hal_uart.o
 .text.UART_EndTransmit_IT
                0x0800c56c       0x56 ./Drivers/STM32H7xx_HAL_Driver/Src/stm32h7xx_hal_uart.o
 .text.HAL_UARTEx_WakeupCallback
                0x0800c5c2       0x14 ./Drivers/STM32H7xx_HAL_Driver/Src/stm32h7xx_hal_uart_ex.o
                0x0800c5c2                HAL_UARTEx_WakeupCallback
 .text.HAL_UARTEx_RxFifoFullCallback
                0x0800c5d6       0x14 ./Drivers/STM32H7xx_HAL_Driver/Src/stm32h7xx_hal_uart_ex.o
                0x0800c5d6                HAL_UARTEx_RxFifoFullCallback
 .text.HAL_UARTEx_TxFifoEmptyCallback
                0x0800c5ea       0x14 ./Drivers/STM32H7xx_HAL_Driver/Src/stm32h7xx_hal_uart_ex.o
                0x0800c5ea                HAL_UARTEx_TxFifoEmptyCallback
 .text.HAL_UARTEx_DisableFifoMode
                0x0800c5fe       0x72 ./Drivers/STM32H7xx_HAL_Driver/Src/stm32h7xx_hal_uart_ex.o
                0x0800c5fe                HAL_UARTEx_DisableFifoMode
 .text.HAL_UARTEx_SetTxFifoThreshold
                0x0800c670       0x7c ./Drivers/STM32H7xx_HAL_Driver/Src/stm32h7xx_hal_uart_ex.o
                0x0800c670                HAL_UARTEx_SetTxFifoThreshold
 .text.HAL_UARTEx_SetRxFifoThreshold
                0x0800c6ec       0x7c ./Drivers/STM32H7xx_HAL_Driver/Src/stm32h7xx_hal_uart_ex.o
                0x0800c6ec                HAL_UARTEx_SetRxFifoThreshold
 .text.UARTEx_SetNbDataToProcess
                0x0800c768       0x9c ./Drivers/STM32H7xx_HAL_Driver/Src/stm32h7xx_hal_uart_ex.o
 .text._vsnprintf_r
                0x0800c804       0x5c /opt/st/stm32cubeide_2.1.1/plugins/com.st.stm32cube.ide.mcu.externaltools.gnu-tools-for-stm32.14.3.rel1.linux64_1.0.100.202602081740/tools/bin/../lib/gcc/arm-none-eabi/14.3.1/../../../../arm-none-eabi/lib/thumb/v7e-m+dp/hard/libc_nano.a(libc_a-vsnprintf.o)
                0x0800c804                _vsnprintf_r
                0x0800c804                _vsniprintf_r
 .text.vsnprintf
                0x0800c860       0x1c /opt/st/stm32cubeide_2.1.1/plugins/com.st.stm32cube.ide.mcu.externaltools.gnu-tools-for-stm32.14.3.rel1.linux64_1.0.100.202602081740/tools/bin/../lib/gcc/arm-none-eabi/14.3.1/../../../../arm-none-eabi/lib/thumb/v7e-m+dp/hard/libc_nano.a(libc_a-vsnprintf.o)
                0x0800c860                vsnprintf
                0x0800c860                vsniprintf
 .text.memset   0x0800c87c       0x10 /opt/st/stm32cubeide_2.1.1/plugins/com.st.stm32cube.ide.mcu.externaltools.gnu-tools-for-stm32.14.3.rel1.linux64_1.0.100.202602081740/tools/bin/../lib/gcc/arm-none-eabi/14.3.1/../../../../arm-none-eabi/lib/thumb/v7e-m+dp/hard/libc_nano.a(libc_a-memset.o)
                0x0800c87c                memset
 .text.strncmp  0x0800c88c       0x24 /opt/st/stm32cubeide_2.1.1/plugins/com.st.stm32cube.ide.mcu.externaltools.gnu-tools-for-stm32.14.3.rel1.linux64_1.0.100.202602081740/tools/bin/../lib/gcc/arm-none-eabi/14.3.1/../../../../arm-none-eabi/lib/thumb/v7e-m+dp/hard/libc_nano.a(libc_a-strncmp.o)
                0x0800c88c                strncmp
 .text.__errno  0x0800c8b0        0xc /opt/st/stm32cubeide_2.1.1/plugins/com.st.stm32cube.ide.mcu.externaltools.gnu-tools-for-stm32.14.3.rel1.linux64_1.0.100.202602081740/tools/bin/../lib/gcc/arm-none-eabi/14.3.1/../../../../arm-none-eabi/lib/thumb/v7e-m+dp/hard/libc_nano.a(libc_a-errno.o)
                0x0800c8b0                __errno
 .text.__libc_init_array
                0x0800c8bc       0x48 /opt/st/stm32cubeide_2.1.1/plugins/com.st.stm32cube.ide.mcu.externaltools.gnu-tools-for-stm32.14.3.rel1.linux64_1.0.100.202602081740/tools/bin/../lib/gcc/arm-none-eabi/14.3.1/../../../../arm-none-eabi/lib/thumb/v7e-m+dp/hard/libc_nano.a(libc_a-init.o)
                0x0800c8bc                __libc_init_array
 .text.__retarget_lock_acquire_recursive
                0x0800c904        0x2 /opt/st/stm32cubeide_2.1.1/plugins/com.st.stm32cube.ide.mcu.externaltools.gnu-tools-for-stm32.14.3.rel1.linux64_1.0.100.202602081740/tools/bin/../lib/gcc/arm-none-eabi/14.3.1/../../../../arm-none-eabi/lib/thumb/v7e-m+dp/hard/libc_nano.a(libc_a-lock.o)
                0x0800c904                __retarget_lock_acquire_recursive
 .text.__retarget_lock_release_recursive
                0x0800c906        0x2 /opt/st/stm32cubeide_2.1.1/plugins/com.st.stm32cube.ide.mcu.externaltools.gnu-tools-for-stm32.14.3.rel1.linux64_1.0.100.202602081740/tools/bin/../lib/gcc/arm-none-eabi/14.3.1/../../../../arm-none-eabi/lib/thumb/v7e-m+dp/hard/libc_nano.a(libc_a-lock.o)
                0x0800c906                __retarget_lock_release_recursive
 .text._free_r  0x0800c908       0x94 /opt/st/stm32cubeide_2.1.1/plugins/com.st.stm32cube.ide.mcu.externaltools.gnu-tools-for-stm32.14.3.rel1.linux64_1.0.100.202602081740/tools/bin/../lib/gcc/arm-none-eabi/14.3.1/../../../../arm-none-eabi/lib/thumb/v7e-m+dp/hard/libc_nano.a(libc_a-freer.o)
                0x0800c908                _free_r
 .text.sbrk_aligned
                0x0800c99c       0x44 /opt/st/stm32cubeide_2.1.1/plugins/com.st.stm32cube.ide.mcu.externaltools.gnu-tools-for-stm32.14.3.rel1.linux64_1.0.100.202602081740/tools/bin/../lib/gcc/arm-none-eabi/14.3.1/../../../../arm-none-eabi/lib/thumb/v7e-m+dp/hard/libc_nano.a(libc_a-mallocr.o)
 .text._malloc_r
                0x0800c9e0      0x100 /opt/st/stm32cubeide_2.1.1/plugins/com.st.stm32cube.ide.mcu.externaltools.gnu-tools-for-stm32.14.3.rel1.linux64_1.0.100.202602081740/tools/bin/../lib/gcc/arm-none-eabi/14.3.1/../../../../arm-none-eabi/lib/thumb/v7e-m+dp/hard/libc_nano.a(libc_a-mallocr.o)
                0x0800c9e0                _malloc_r
 .text.__malloc_lock
                0x0800cae0        0xc /opt/st/stm32cubeide_2.1.1/plugins/com.st.stm32cube.ide.mcu.externaltools.gnu-tools-for-stm32.14.3.rel1.linux64_1.0.100.202602081740/tools/bin/../lib/gcc/arm-none-eabi/14.3.1/../../../../arm-none-eabi/lib/thumb/v7e-m+dp/hard/libc_nano.a(libc_a-mlock.o)
                0x0800cae0                __malloc_lock
 .text.__malloc_unlock
                0x0800caec        0xc /opt/st/stm32cubeide_2.1.1/plugins/com.st.stm32cube.ide.mcu.externaltools.gnu-tools-for-stm32.14.3.rel1.linux64_1.0.100.202602081740/tools/bin/../lib/gcc/arm-none-eabi/14.3.1/../../../../arm-none-eabi/lib/thumb/v7e-m+dp/hard/libc_nano.a(libc_a-mlock.o)
                0x0800caec                __malloc_unlock
 .text.__ssputs_r
                0x0800caf8       0xc0 /opt/st/stm32cubeide_2.1.1/plugins/com.st.stm32cube.ide.mcu.externaltools.gnu-tools-for-stm32.14.3.rel1.linux64_1.0.100.202602081740/tools/bin/../lib/gcc/arm-none-eabi/14.3.1/../../../../arm-none-eabi/lib/thumb/v7e-m+dp/hard/libc_nano.a(libc_a-nano-svfprintf.o)
                0x0800caf8                __ssputs_r
 .text._svfprintf_r
                0x0800cbb8      0x1f0 /opt/st/stm32cubeide_2.1.1/plugins/com.st.stm32cube.ide.mcu.externaltools.gnu-tools-for-stm32.14.3.rel1.linux64_1.0.100.202602081740/tools/bin/../lib/gcc/arm-none-eabi/14.3.1/../../../../arm-none-eabi/lib/thumb/v7e-m+dp/hard/libc_nano.a(libc_a-nano-svfprintf.o)
                0x0800cbb8                _svfprintf_r
                0x0800cbb8                _svfiprintf_r
 .text._printf_common
                0x0800cda8       0xda /opt/st/stm32cubeide_2.1.1/plugins/com.st.stm32cube.ide.mcu.externaltools.gnu-tools-for-stm32.14.3.rel1.linux64_1.0.100.202602081740/tools/bin/../lib/gcc/arm-none-eabi/14.3.1/../../../../arm-none-eabi/lib/thumb/v7e-m+dp/hard/libc_nano.a(libc_a-nano-vfprintf_i.o)
                0x0800cda8                _printf_common
 *fill*         0x0800ce82        0x2 
 .text._printf_i
                0x0800ce84      0x24c /opt/st/stm32cubeide_2.1.1/plugins/com.st.stm32cube.ide.mcu.externaltools.gnu-tools-for-stm32.14.3.rel1.linux64_1.0.100.202602081740/tools/bin/../lib/gcc/arm-none-eabi/14.3.1/../../../../arm-none-eabi/lib/thumb/v7e-m+dp/hard/libc_nano.a(libc_a-nano-vfprintf_i.o)
                0x0800ce84                _printf_i
 .text.memmove  0x0800d0d0       0x32 /opt/st/stm32cubeide_2.1.1/plugins/com.st.stm32cube.ide.mcu.externaltools.gnu-tools-for-stm32.14.3.rel1.linux64_1.0.100.202602081740/tools/bin/../lib/gcc/arm-none-eabi/14.3.1/../../../../arm-none-eabi/lib/thumb/v7e-m+dp/hard/libc_nano.a(libc_a-memmove.o)
                0x0800d0d0                memmove
 *fill*         0x0800d102        0x2 
 .text._sbrk_r  0x0800d104       0x20 /opt/st/stm32cubeide_2.1.1/plugins/com.st.stm32cube.ide.mcu.externaltools.gnu-tools-for-stm32.14.3.rel1.linux64_1.0.100.202602081740/tools/bin/../lib/gcc/arm-none-eabi/14.3.1/../../../../arm-none-eabi/lib/thumb/v7e-m+dp/hard/libc_nano.a(libc_a-sbrkr.o)
                0x0800d104                _sbrk_r
 .text.memcpy   0x0800d124       0x1c /opt/st/stm32cubeide_2.1.1/plugins/com.st.stm32cube.ide.mcu.externaltools.gnu-tools-for-stm32.14.3.rel1.linux64_1.0.100.202602081740/tools/bin/../lib/gcc/arm-none-eabi/14.3.1/../../../../arm-none-eabi/lib/thumb/v7e-m+dp/hard/libc_nano.a(libc_a-memcpy-stub.o)
                0x0800d124                memcpy
 .text._realloc_r
                0x0800d140       0x5c /opt/st/stm32cubeide_2.1.1/plugins/com.st.stm32cube.ide.mcu.externaltools.gnu-tools-for-stm32.14.3.rel1.linux64_1.0.100.202602081740/tools/bin/../lib/gcc/arm-none-eabi/14.3.1/../../../../arm-none-eabi/lib/thumb/v7e-m+dp/hard/libc_nano.a(libc_a-reallocr.o)
                0x0800d140                _realloc_r
 .text._malloc_usable_size_r
                0x0800d19c       0x10 /opt/st/stm32cubeide_2.1.1/plugins/com.st.stm32cube.ide.mcu.externaltools.gnu-tools-for-stm32.14.3.rel1.linux64_1.0.100.202602081740/tools/bin/../lib/gcc/arm-none-eabi/14.3.1/../../../../arm-none-eabi/lib/thumb/v7e-m+dp/hard/libc_nano.a(libc_a-msizer.o)
                0x0800d19c                _malloc_usable_size_r
 *(.glue_7)
 .glue_7        0x0800d1ac        0x0 linker stubs
 *(.glue_7t)
 .glue_7t       0x0800d1ac        0x0 linker stubs
 *(.eh_frame)
 .eh_frame      0x0800d1ac        0x0 /opt/st/stm32cubeide_2.1.1/plugins/com.st.stm32cube.ide.mcu.externaltools.gnu-tools-for-stm32.14.3.rel1.linux64_1.0.100.202602081740/tools/bin/../lib/gcc/arm-none-eabi/14.3.1/thumb/v7e-m+dp/hard/crtbegin.o
 *(.init)
 .init          0x0800d1ac        0x4 /opt/st/stm32cubeide_2.1.1/plugins/com.st.stm32cube.ide.mcu.externaltools.gnu-tools-for-stm32.14.3.rel1.linux64_1.0.100.202602081740/tools/bin/../lib/gcc/arm-none-eabi/14.3.1/thumb/v7e-m+dp/hard/crti.o
                0x0800d1ac                _init
 .init          0x0800d1b0        0x8 /opt/st/stm32cubeide_2.1.1/plugins/com.st.stm32cube.ide.mcu.externaltools.gnu-tools-for-stm32.14.3.rel1.linux64_1.0.100.202602081740/tools/bin/../lib/gcc/arm-none-eabi/14.3.1/thumb/v7e-m+dp/hard/crtn.o
 *(.fini)
 .fini          0x0800d1b8        0x4 /opt/st/stm32cubeide_2.1.1/plugins/com.st.stm32cube.ide.mcu.externaltools.gnu-tools-for-stm32.14.3.rel1.linux64_1.0.100.202602081740/tools/bin/../lib/gcc/arm-none-eabi/14.3.1/thumb/v7e-m+dp/hard/crti.o
                0x0800d1b8                _fini
 .fini          0x0800d1bc        0x8 /opt/st/stm32cubeide_2.1.1/plugins/com.st.stm32cube.ide.mcu.externaltools.gnu-tools-for-stm32.14.3.rel1.linux64_1.0.100.202602081740/tools/bin/../lib/gcc/arm-none-eabi/14.3.1/thumb/v7e-m+dp/hard/crtn.o
                0x0800d1c4                        . = ALIGN (0x4)
                0x0800d1c4                        _etext = .

.vfp11_veneer   0x0800d1c4        0x0
 .vfp11_veneer  0x0800d1c4        0x0 linker stubs

.v4_bx          0x0800d1c4        0x0
 .v4_bx         0x0800d1c4        0x0 linker stubs

.iplt           0x0800d1c4        0x0
 .iplt          0x0800d1c4        0x0 /opt/st/stm32cubeide_2.1.1/plugins/com.st.stm32cube.ide.mcu.externaltools.gnu-tools-for-stm32.14.3.rel1.linux64_1.0.100.202602081740/tools/bin/../lib/gcc/arm-none-eabi/14.3.1/thumb/v7e-m+dp/hard/crtbegin.o

.rodata         0x0800d1c4      0xadc
                0x0800d1c4                        . = ALIGN (0x4)
 *(.rodata)
 .rodata        0x0800d1c4        0x6 ./Core/Src/ad7190.o
 *fill*         0x0800d1ca        0x2 
 .rodata        0x0800d1cc       0x68 ./Core/Src/board_output.o
 .rodata        0x0800d234      0x33a ./Core/Src/board_protocol.o
 *fill*         0x0800d56e        0x2 
 .rodata        0x0800d570       0x44 ./Core/Src/board_temperature.o
 .rodata        0x0800d5b4      0x5c4 ./Core/Src/main.o
 .rodata        0x0800db78       0xbc ./Core/Src/thermal_control.o
 *(.rodata*)
 .rodata.D1CorePrescTable
                0x0800dc34       0x10 ./Core/Src/system_stm32h7xx.o
                0x0800dc34                D1CorePrescTable
 .rodata.UARTPrescTable
                0x0800dc44       0x18 ./Drivers/STM32H7xx_HAL_Driver/Src/stm32h7xx_hal_uart.o
                0x0800dc44                UARTPrescTable
 .rodata.numerator.1
                0x0800dc5c        0x8 ./Drivers/STM32H7xx_HAL_Driver/Src/stm32h7xx_hal_uart_ex.o
 .rodata.denominator.0
                0x0800dc64        0x8 ./Drivers/STM32H7xx_HAL_Driver/Src/stm32h7xx_hal_uart_ex.o
 .rodata._svfprintf_r.str1.1
                0x0800dc6c       0x33 /opt/st/stm32cubeide_2.1.1/plugins/com.st.stm32cube.ide.mcu.externaltools.gnu-tools-for-stm32.14.3.rel1.linux64_1.0.100.202602081740/tools/bin/../lib/gcc/arm-none-eabi/14.3.1/../../../../arm-none-eabi/lib/thumb/v7e-m+dp/hard/libc_nano.a(libc_a-nano-svfprintf.o)
                                 0x11 (size before relaxing)
 .rodata._printf_i.str1.1
                0x0800dc9f       0x22 /opt/st/stm32cubeide_2.1.1/plugins/com.st.stm32cube.ide.mcu.externaltools.gnu-tools-for-stm32.14.3.rel1.linux64_1.0.100.202602081740/tools/bin/../lib/gcc/arm-none-eabi/14.3.1/../../../../arm-none-eabi/lib/thumb/v7e-m+dp/hard/libc_nano.a(libc_a-nano-vfprintf_i.o)
                0x0800dcc4                        . = ALIGN (0x4)
 *fill*         0x0800dc9f        0x1 

.ARM.extab
 *(.ARM.extab* .gnu.linkonce.armextab.*)

.ARM            0x0800dca0        0x8
                0x0800dca0                        __exidx_start = .
 *(.ARM.exidx*)
 .ARM.exidx     0x0800dca0        0x8 /opt/st/stm32cubeide_2.1.1/plugins/com.st.stm32cube.ide.mcu.externaltools.gnu-tools-for-stm32.14.3.rel1.linux64_1.0.100.202602081740/tools/bin/../lib/gcc/arm-none-eabi/14.3.1/../../../../arm-none-eabi/lib/thumb/v7e-m+dp/hard/libc_nano.a(libc_a-strcmp.o)
 .ARM.exidx     0x0800dca8        0x0 /opt/st/stm32cubeide_2.1.1/plugins/com.st.stm32cube.ide.mcu.externaltools.gnu-tools-for-stm32.14.3.rel1.linux64_1.0.100.202602081740/tools/bin/../lib/gcc/arm-none-eabi/14.3.1/../../../../arm-none-eabi/lib/thumb/v7e-m+dp/hard/libc_nano.a(libc_a-strlen.o)
                                  0x8 (size before relaxing)
 .ARM.exidx     0x0800dca8        0x0 /opt/st/stm32cubeide_2.1.1/plugins/com.st.stm32cube.ide.mcu.externaltools.gnu-tools-for-stm32.14.3.rel1.linux64_1.0.100.202602081740/tools/bin/../lib/gcc/arm-none-eabi/14.3.1/../../../../arm-none-eabi/lib/thumb/v7e-m+dp/hard/libc_nano.a(libc_a-memchr.o)
                                  0x8 (size before relaxing)
 .ARM.exidx     0x0800dca8        0x0 /opt/st/stm32cubeide_2.1.1/plugins/com.st.stm32cube.ide.mcu.externaltools.gnu-tools-for-stm32.14.3.rel1.linux64_1.0.100.202602081740/tools/bin/../lib/gcc/arm-none-eabi/14.3.1/thumb/v7e-m+dp/hard/libgcc.a(_udivmoddi4.o)
                                  0x8 (size before relaxing)
                0x0800dca8                        __exidx_end = .

.preinit_array  0x0800dca8        0x0
                0x0800dca8                        PROVIDE (__preinit_array_start = .)
 *(.preinit_array*)
                0x0800dca8                        PROVIDE (__preinit_array_end = .)

.init_array     0x0800dca8        0x4
                0x0800dca8                        PROVIDE (__init_array_start = .)
 *(SORT_BY_NAME(.init_array.*))
 *(.init_array*)
 .init_array    0x0800dca8        0x4 /opt/st/stm32cubeide_2.1.1/plugins/com.st.stm32cube.ide.mcu.externaltools.gnu-tools-for-stm32.14.3.rel1.linux64_1.0.100.202602081740/tools/bin/../lib/gcc/arm-none-eabi/14.3.1/thumb/v7e-m+dp/hard/crtbegin.o
                0x0800dcac                        PROVIDE (__init_array_end = .)

.fini_array     0x0800dcac        0x4
                [!provide]                        PROVIDE (__fini_array_start = .)
 *(SORT_BY_NAME(.fini_array.*))
 *(.fini_array*)
 .fini_array    0x0800dcac        0x4 /opt/st/stm32cubeide_2.1.1/plugins/com.st.stm32cube.ide.mcu.externaltools.gnu-tools-for-stm32.14.3.rel1.linux64_1.0.100.202602081740/tools/bin/../lib/gcc/arm-none-eabi/14.3.1/thumb/v7e-m+dp/hard/crtbegin.o
                [!provide]                        PROVIDE (__fini_array_end = .)
                0x0800dcb0                        _sidata = LOADADDR (.data)

.rel.dyn        0x0800dcb0        0x0
 .rel.iplt      0x0800dcb0        0x0 /opt/st/stm32cubeide_2.1.1/plugins/com.st.stm32cube.ide.mcu.externaltools.gnu-tools-for-stm32.14.3.rel1.linux64_1.0.100.202602081740/tools/bin/../lib/gcc/arm-none-eabi/14.3.1/thumb/v7e-m+dp/hard/crtbegin.o

.data           0x24000000       0xac load address 0x0800dcb0
                0x24000000                        . = ALIGN (0x4)
                0x24000000                        _sdata = .
 *(.data)
 *(.data*)
 .data.s_dac    0x24000000       0x10 ./Core/Src/board_output.o
 .data.s_sensor
                0x24000010        0xc ./Core/Src/board_temperature.o
 .data.s_current_adc
                0x2400001c       0x18 ./Core/Src/chip_measure.o
 .data.s_voltage_adc
                0x24000034       0x18 ./Core/Src/chip_measure.o
 .data.SystemCoreClock
                0x2400004c        0x4 ./Core/Src/system_stm32h7xx.o
                0x2400004c                SystemCoreClock
 .data.SystemD2Clock
                0x24000050        0x4 ./Core/Src/system_stm32h7xx.o
                0x24000050                SystemD2Clock
 .data.uwTickPrio
                0x24000054        0x4 ./Drivers/STM32H7xx_HAL_Driver/Src/stm32h7xx_hal.o
                0x24000054                uwTickPrio
 .data.uwTickFreq
                0x24000058        0x1 ./Drivers/STM32H7xx_HAL_Driver/Src/stm32h7xx_hal.o
                0x24000058                uwTickFreq
 *fill*         0x24000059        0x3 
 .data._impure_ptr
                0x2400005c        0x4 /opt/st/stm32cubeide_2.1.1/plugins/com.st.stm32cube.ide.mcu.externaltools.gnu-tools-for-stm32.14.3.rel1.linux64_1.0.100.202602081740/tools/bin/../lib/gcc/arm-none-eabi/14.3.1/../../../../arm-none-eabi/lib/thumb/v7e-m+dp/hard/libc_nano.a(libc_a-impure.o)
                0x2400005c                _impure_ptr
 .data._impure_data
                0x24000060       0x4c /opt/st/stm32cubeide_2.1.1/plugins/com.st.stm32cube.ide.mcu.externaltools.gnu-tools-for-stm32.14.3.rel1.linux64_1.0.100.202602081740/tools/bin/../lib/gcc/arm-none-eabi/14.3.1/../../../../arm-none-eabi/lib/thumb/v7e-m+dp/hard/libc_nano.a(libc_a-impure.o)
                0x24000060                _impure_data
 *(.RamFunc)
 *(.RamFunc*)
                0x240000ac                        . = ALIGN (0x4)
                0x240000ac                        _edata = .

.igot.plt       0x240000ac        0x0 load address 0x0800dd5c
 .igot.plt      0x240000ac        0x0 /opt/st/stm32cubeide_2.1.1/plugins/com.st.stm32cube.ide.mcu.externaltools.gnu-tools-for-stm32.14.3.rel1.linux64_1.0.100.202602081740/tools/bin/../lib/gcc/arm-none-eabi/14.3.1/thumb/v7e-m+dp/hard/crtbegin.o
                0x240000ac                        . = ALIGN (0x4)

.bss            0x240000ac      0x570 load address 0x0800dd5c
                0x240000ac                        _sbss = .
                0x240000ac                        __bss_start__ = _sbss
 *(.bss)
 .bss           0x240000ac       0x1c /opt/st/stm32cubeide_2.1.1/plugins/com.st.stm32cube.ide.mcu.externaltools.gnu-tools-for-stm32.14.3.rel1.linux64_1.0.100.202602081740/tools/bin/../lib/gcc/arm-none-eabi/14.3.1/thumb/v7e-m+dp/hard/crtbegin.o
 *(.bss*)
 .bss.s_line    0x240000c8       0x60 ./Core/Src/board_protocol.o
 .bss.s_line_len
                0x24000128        0x1 ./Core/Src/board_protocol.o
 .bss.s_present
                0x24000129        0x1 ./Core/Src/board_temperature.o
 *fill*         0x2400012a        0x2 
 .bss.s_debug_uart
                0x2400012c        0x4 ./Core/Src/board_uart.o
 .bss.s_rs485_uart
                0x24000130        0x4 ./Core/Src/board_uart.o
 .bss.hi2c1     0x24000134       0x54 ./Core/Src/main.o
                0x24000134                hi2c1
 .bss.hspi1     0x24000188       0x88 ./Core/Src/main.o
                0x24000188                hspi1
 .bss.hspi2     0x24000210       0x88 ./Core/Src/main.o
                0x24000210                hspi2
 .bss.htim1     0x24000298       0x4c ./Core/Src/main.o
                0x24000298                htim1
 .bss.htim3     0x240002e4       0x4c ./Core/Src/main.o
                0x240002e4                htim3
 .bss.huart1    0x24000330       0x94 ./Core/Src/main.o
                0x24000330                huart1
 .bss.huart2    0x240003c4       0x94 ./Core/Src/main.o
                0x240003c4                huart2
 .bss.debug_line_len.1
                0x24000458        0x1 ./Core/Src/main.o
 *fill*         0x24000459        0x3 
 .bss.debug_line.0
                0x2400045c       0x40 ./Core/Src/main.o
 .bss.__sbrk_heap_end
                0x2400049c        0x4 ./Core/Src/sysmem.o
 .bss.s_snapshot
                0x240004a0       0x2c ./Core/Src/thermal_control.o
 .bss.s_last_service_ms
                0x240004cc        0x4 ./Core/Src/thermal_control.o
 .bss.uwTick    0x240004d0        0x4 ./Drivers/STM32H7xx_HAL_Driver/Src/stm32h7xx_hal.o
                0x240004d0                uwTick
 .bss.__sf      0x240004d4      0x138 /opt/st/stm32cubeide_2.1.1/plugins/com.st.stm32cube.ide.mcu.externaltools.gnu-tools-for-stm32.14.3.rel1.linux64_1.0.100.202602081740/tools/bin/../lib/gcc/arm-none-eabi/14.3.1/../../../../arm-none-eabi/lib/thumb/v7e-m+dp/hard/libc_nano.a(libc_a-findfp.o)
                0x240004d4                __sf
 .bss.errno     0x2400060c        0x4 /opt/st/stm32cubeide_2.1.1/plugins/com.st.stm32cube.ide.mcu.externaltools.gnu-tools-for-stm32.14.3.rel1.linux64_1.0.100.202602081740/tools/bin/../lib/gcc/arm-none-eabi/14.3.1/../../../../arm-none-eabi/lib/thumb/v7e-m+dp/hard/libc_nano.a(libc_a-reent.o)
                0x2400060c                errno
 .bss.__lock___malloc_recursive_mutex
                0x24000610        0x1 /opt/st/stm32cubeide_2.1.1/plugins/com.st.stm32cube.ide.mcu.externaltools.gnu-tools-for-stm32.14.3.rel1.linux64_1.0.100.202602081740/tools/bin/../lib/gcc/arm-none-eabi/14.3.1/../../../../arm-none-eabi/lib/thumb/v7e-m+dp/hard/libc_nano.a(libc_a-lock.o)
                0x24000610                __lock___malloc_recursive_mutex
 *fill*         0x24000611        0x3 
 .bss.__malloc_sbrk_start
                0x24000614        0x4 /opt/st/stm32cubeide_2.1.1/plugins/com.st.stm32cube.ide.mcu.externaltools.gnu-tools-for-stm32.14.3.rel1.linux64_1.0.100.202602081740/tools/bin/../lib/gcc/arm-none-eabi/14.3.1/../../../../arm-none-eabi/lib/thumb/v7e-m+dp/hard/libc_nano.a(libc_a-mallocr.o)
                0x24000614                __malloc_sbrk_start
 .bss.__malloc_free_list
                0x24000618        0x4 /opt/st/stm32cubeide_2.1.1/plugins/com.st.stm32cube.ide.mcu.externaltools.gnu-tools-for-stm32.14.3.rel1.linux64_1.0.100.202602081740/tools/bin/../lib/gcc/arm-none-eabi/14.3.1/../../../../arm-none-eabi/lib/thumb/v7e-m+dp/hard/libc_nano.a(libc_a-mallocr.o)
                0x24000618                __malloc_free_list
 *(COMMON)
                0x2400061c                        . = ALIGN (0x4)
                0x2400061c                        _ebss = .
                0x2400061c                        __bss_end__ = _ebss

._user_heap_stack
                0x2400061c      0x604 load address 0x0800dd5c
                0x24000620                        . = ALIGN (0x8)
 *fill*         0x2400061c        0x4 
                [!provide]                        PROVIDE (end = .)
                0x24000620                        PROVIDE (_end = .)
                0x24000820                        . = (. + _Min_Heap_Size)
 *fill*         0x24000620      0x200 
                0x24000c20                        . = (. + _Min_Stack_Size)
 *fill*         0x24000820      0x400 
                0x24000c20                        . = ALIGN (0x8)

/DISCARD/
 libc.a(*)
 libm.a(*)
 libgcc.a(*)

.ARM.attributes
                0x00000000       0x2e
 *(.ARM.attributes)
 .ARM.attributes
                0x00000000       0x20 /opt/st/stm32cubeide_2.1.1/plugins/com.st.stm32cube.ide.mcu.externaltools.gnu-tools-for-stm32.14.3.rel1.linux64_1.0.100.202602081740/tools/bin/../lib/gcc/arm-none-eabi/14.3.1/thumb/v7e-m+dp/hard/crti.o
 .ARM.attributes
                0x00000020       0x32 /opt/st/stm32cubeide_2.1.1/plugins/com.st.stm32cube.ide.mcu.externaltools.gnu-tools-for-stm32.14.3.rel1.linux64_1.0.100.202602081740/tools/bin/../lib/gcc/arm-none-eabi/14.3.1/thumb/v7e-m+dp/hard/crtbegin.o
 .ARM.attributes
                0x00000052       0x32 ./Core/Src/ad5667.o
 .ARM.attributes
                0x00000084       0x32 ./Core/Src/ad7190.o
 .ARM.attributes
                0x000000b6       0x32 ./Core/Src/board_output.o
 .ARM.attributes
                0x000000e8       0x32 ./Core/Src/board_protocol.o
 .ARM.attributes
                0x0000011a       0x32 ./Core/Src/board_temperature.o
 .ARM.attributes
                0x0000014c       0x32 ./Core/Src/board_uart.o
 .ARM.attributes
                0x0000017e       0x32 ./Core/Src/chip_measure.o
 .ARM.attributes
                0x000001b0       0x32 ./Core/Src/main.o
 .ARM.attributes
                0x000001e2       0x32 ./Core/Src/sht3x.o
 .ARM.attributes
                0x00000214       0x32 ./Core/Src/stm32h7xx_hal_msp.o
 .ARM.attributes
                0x00000246       0x32 ./Core/Src/stm32h7xx_it.o
 .ARM.attributes
                0x00000278       0x32 ./Core/Src/sysmem.o
 .ARM.attributes
                0x000002aa       0x32 ./Core/Src/system_stm32h7xx.o
 .ARM.attributes
                0x000002dc       0x32 ./Core/Src/thermal_control.o
 .ARM.attributes
                0x0000030e       0x21 ./Core/Startup/startup_stm32h753iitx.o
 .ARM.attributes
                0x0000032f       0x32 ./Drivers/STM32H7xx_HAL_Driver/Src/stm32h7xx_hal.o
 .ARM.attributes
                0x00000361       0x32 ./Drivers/STM32H7xx_HAL_Driver/Src/stm32h7xx_hal_cortex.o
 .ARM.attributes
                0x00000393       0x32 ./Drivers/STM32H7xx_HAL_Driver/Src/stm32h7xx_hal_dma.o
 .ARM.attributes
                0x000003c5       0x32 ./Drivers/STM32H7xx_HAL_Driver/Src/stm32h7xx_hal_gpio.o
 .ARM.attributes
                0x000003f7       0x32 ./Drivers/STM32H7xx_HAL_Driver/Src/stm32h7xx_hal_i2c.o
 .ARM.attributes
                0x00000429       0x32 ./Drivers/STM32H7xx_HAL_Driver/Src/stm32h7xx_hal_i2c_ex.o
 .ARM.attributes
                0x0000045b       0x32 ./Drivers/STM32H7xx_HAL_Driver/Src/stm32h7xx_hal_pwr_ex.o
 .ARM.attributes
                0x0000048d       0x32 ./Drivers/STM32H7xx_HAL_Driver/Src/stm32h7xx_hal_rcc.o
 .ARM.attributes
                0x000004bf       0x32 ./Drivers/STM32H7xx_HAL_Driver/Src/stm32h7xx_hal_rcc_ex.o
 .ARM.attributes
                0x000004f1       0x32 ./Drivers/STM32H7xx_HAL_Driver/Src/stm32h7xx_hal_spi.o
 .ARM.attributes
                0x00000523       0x32 ./Drivers/STM32H7xx_HAL_Driver/Src/stm32h7xx_hal_tim.o
 .ARM.attributes
                0x00000555       0x32 ./Drivers/STM32H7xx_HAL_Driver/Src/stm32h7xx_hal_tim_ex.o
 .ARM.attributes
                0x00000587       0x32 ./Drivers/STM32H7xx_HAL_Driver/Src/stm32h7xx_hal_uart.o
 .ARM.attributes
                0x000005b9       0x32 ./Drivers/STM32H7xx_HAL_Driver/Src/stm32h7xx_hal_uart_ex.o
 .ARM.attributes
                0x000005eb       0x32 /opt/st/stm32cubeide_2.1.1/plugins/com.st.stm32cube.ide.mcu.externaltools.gnu-tools-for-stm32.14.3.rel1.linux64_1.0.100.202602081740/tools/bin/../lib/gcc/arm-none-eabi/14.3.1/../../../../arm-none-eabi/lib/thumb/v7e-m+dp/hard/libc_nano.a(libc_a-findfp.o)
 .ARM.attributes
                0x0000061d       0x32 /opt/st/stm32cubeide_2.1.1/plugins/com.st.stm32cube.ide.mcu.externaltools.gnu-tools-for-stm32.14.3.rel1.linux64_1.0.100.202602081740/tools/bin/../lib/gcc/arm-none-eabi/14.3.1/../../../../arm-none-eabi/lib/thumb/v7e-m+dp/hard/libc_nano.a(libc_a-vsnprintf.o)
 .ARM.attributes
                0x0000064f       0x32 /opt/st/stm32cubeide_2.1.1/plugins/com.st.stm32cube.ide.mcu.externaltools.gnu-tools-for-stm32.14.3.rel1.linux64_1.0.100.202602081740/tools/bin/../lib/gcc/arm-none-eabi/14.3.1/../../../../arm-none-eabi/lib/thumb/v7e-m+dp/hard/libc_nano.a(libc_a-memset.o)
 .ARM.attributes
                0x00000681       0x32 /opt/st/stm32cubeide_2.1.1/plugins/com.st.stm32cube.ide.mcu.externaltools.gnu-tools-for-stm32.14.3.rel1.linux64_1.0.100.202602081740/tools/bin/../lib/gcc/arm-none-eabi/14.3.1/../../../../arm-none-eabi/lib/thumb/v7e-m+dp/hard/libc_nano.a(libc_a-strncmp.o)
 .ARM.attributes
                0x000006b3       0x32 /opt/st/stm32cubeide_2.1.1/plugins/com.st.stm32cube.ide.mcu.externaltools.gnu-tools-for-stm32.14.3.rel1.linux64_1.0.100.202602081740/tools/bin/../lib/gcc/arm-none-eabi/14.3.1/../../../../arm-none-eabi/lib/thumb/v7e-m+dp/hard/libc_nano.a(libc_a-reent.o)
 .ARM.attributes
                0x000006e5       0x32 /opt/st/stm32cubeide_2.1.1/plugins/com.st.stm32cube.ide.mcu.externaltools.gnu-tools-for-stm32.14.3.rel1.linux64_1.0.100.202602081740/tools/bin/../lib/gcc/arm-none-eabi/14.3.1/../../../../arm-none-eabi/lib/thumb/v7e-m+dp/hard/libc_nano.a(libc_a-impure.o)
 .ARM.attributes
                0x00000717       0x32 /opt/st/stm32cubeide_2.1.1/plugins/com.st.stm32cube.ide.mcu.externaltools.gnu-tools-for-stm32.14.3.rel1.linux64_1.0.100.202602081740/tools/bin/../lib/gcc/arm-none-eabi/14.3.1/../../../../arm-none-eabi/lib/thumb/v7e-m+dp/hard/libc_nano.a(libc_a-errno.o)
 .ARM.attributes
                0x00000749       0x32 /opt/st/stm32cubeide_2.1.1/plugins/com.st.stm32cube.ide.mcu.externaltools.gnu-tools-for-stm32.14.3.rel1.linux64_1.0.100.202602081740/tools/bin/../lib/gcc/arm-none-eabi/14.3.1/../../../../arm-none-eabi/lib/thumb/v7e-m+dp/hard/libc_nano.a(libc_a-init.o)
 .ARM.attributes
                0x0000077b       0x32 /opt/st/stm32cubeide_2.1.1/plugins/com.st.stm32cube.ide.mcu.externaltools.gnu-tools-for-stm32.14.3.rel1.linux64_1.0.100.202602081740/tools/bin/../lib/gcc/arm-none-eabi/14.3.1/../../../../arm-none-eabi/lib/thumb/v7e-m+dp/hard/libc_nano.a(libc_a-lock.o)
 .ARM.attributes
                0x000007ad       0x1e /opt/st/stm32cubeide_2.1.1/plugins/com.st.stm32cube.ide.mcu.externaltools.gnu-tools-for-stm32.14.3.rel1.linux64_1.0.100.202602081740/tools/bin/../lib/gcc/arm-none-eabi/14.3.1/../../../../arm-none-eabi/lib/thumb/v7e-m+dp/hard/libc_nano.a(libc_a-strcmp.o)
 .ARM.attributes
                0x000007cb       0x17 /opt/st/stm32cubeide_2.1.1/plugins/com.st.stm32cube.ide.mcu.externaltools.gnu-tools-for-stm32.14.3.rel1.linux64_1.0.100.202602081740/tools/bin/../lib/gcc/arm-none-eabi/14.3.1/../../../../arm-none-eabi/lib/thumb/v7e-m+dp/hard/libc_nano.a(libc_a-strlen.o)
 .ARM.attributes
                0x000007e2       0x32 /opt/st/stm32cubeide_2.1.1/plugins/com.st.stm32cube.ide.mcu.externaltools.gnu-tools-for-stm32.14.3.rel1.linux64_1.0.100.202602081740/tools/bin/../lib/gcc/arm-none-eabi/14.3.1/../../../../arm-none-eabi/lib/thumb/v7e-m+dp/hard/libc_nano.a(libc_a-freer.o)
 .ARM.attributes
                0x00000814       0x32 /opt/st/stm32cubeide_2.1.1/plugins/com.st.stm32cube.ide.mcu.externaltools.gnu-tools-for-stm32.14.3.rel1.linux64_1.0.100.202602081740/tools/bin/../lib/gcc/arm-none-eabi/14.3.1/../../../../arm-none-eabi/lib/thumb/v7e-m+dp/hard/libc_nano.a(libc_a-mallocr.o)
 .ARM.attributes
                0x00000846       0x32 /opt/st/stm32cubeide_2.1.1/plugins/com.st.stm32cube.ide.mcu.externaltools.gnu-tools-for-stm32.14.3.rel1.linux64_1.0.100.202602081740/tools/bin/../lib/gcc/arm-none-eabi/14.3.1/../../../../arm-none-eabi/lib/thumb/v7e-m+dp/hard/libc_nano.a(libc_a-mlock.o)
 .ARM.attributes
                0x00000878       0x32 /opt/st/stm32cubeide_2.1.1/plugins/com.st.stm32cube.ide.mcu.externaltools.gnu-tools-for-stm32.14.3.rel1.linux64_1.0.100.202602081740/tools/bin/../lib/gcc/arm-none-eabi/14.3.1/../../../../arm-none-eabi/lib/thumb/v7e-m+dp/hard/libc_nano.a(libc_a-nano-svfprintf.o)
 .ARM.attributes
                0x000008aa       0x32 /opt/st/stm32cubeide_2.1.1/plugins/com.st.stm32cube.ide.mcu.externaltools.gnu-tools-for-stm32.14.3.rel1.linux64_1.0.100.202602081740/tools/bin/../lib/gcc/arm-none-eabi/14.3.1/../../../../arm-none-eabi/lib/thumb/v7e-m+dp/hard/libc_nano.a(libc_a-nano-vfprintf_i.o)
 .ARM.attributes
                0x000008dc       0x32 /opt/st/stm32cubeide_2.1.1/plugins/com.st.stm32cube.ide.mcu.externaltools.gnu-tools-for-stm32.14.3.rel1.linux64_1.0.100.202602081740/tools/bin/../lib/gcc/arm-none-eabi/14.3.1/../../../../arm-none-eabi/lib/thumb/v7e-m+dp/hard/libc_nano.a(libc_a-memmove.o)
 .ARM.attributes
                0x0000090e       0x32 /opt/st/stm32cubeide_2.1.1/plugins/com.st.stm32cube.ide.mcu.externaltools.gnu-tools-for-stm32.14.3.rel1.linux64_1.0.100.202602081740/tools/bin/../lib/gcc/arm-none-eabi/14.3.1/../../../../arm-none-eabi/lib/thumb/v7e-m+dp/hard/libc_nano.a(libc_a-sbrkr.o)
 .ARM.attributes
                0x00000940       0x1c /opt/st/stm32cubeide_2.1.1/plugins/com.st.stm32cube.ide.mcu.externaltools.gnu-tools-for-stm32.14.3.rel1.linux64_1.0.100.202602081740/tools/bin/../lib/gcc/arm-none-eabi/14.3.1/../../../../arm-none-eabi/lib/thumb/v7e-m+dp/hard/libc_nano.a(libc_a-memchr.o)
 .ARM.attributes
                0x0000095c       0x32 /opt/st/stm32cubeide_2.1.1/plugins/com.st.stm32cube.ide.mcu.externaltools.gnu-tools-for-stm32.14.3.rel1.linux64_1.0.100.202602081740/tools/bin/../lib/gcc/arm-none-eabi/14.3.1/../../../../arm-none-eabi/lib/thumb/v7e-m+dp/hard/libc_nano.a(libc_a-memcpy-stub.o)
 .ARM.attributes
                0x0000098e       0x32 /opt/st/stm32cubeide_2.1.1/plugins/com.st.stm32cube.ide.mcu.externaltools.gnu-tools-for-stm32.14.3.rel1.linux64_1.0.100.202602081740/tools/bin/../lib/gcc/arm-none-eabi/14.3.1/../../../../arm-none-eabi/lib/thumb/v7e-m+dp/hard/libc_nano.a(libc_a-reallocr.o)
 .ARM.attributes
                0x000009c0       0x32 /opt/st/stm32cubeide_2.1.1/plugins/com.st.stm32cube.ide.mcu.externaltools.gnu-tools-for-stm32.14.3.rel1.linux64_1.0.100.202602081740/tools/bin/../lib/gcc/arm-none-eabi/14.3.1/../../../../arm-none-eabi/lib/thumb/v7e-m+dp/hard/libc_nano.a(libc_a-msizer.o)
 .ARM.attributes
                0x000009f2       0x20 /opt/st/stm32cubeide_2.1.1/plugins/com.st.stm32cube.ide.mcu.externaltools.gnu-tools-for-stm32.14.3.rel1.linux64_1.0.100.202602081740/tools/bin/../lib/gcc/arm-none-eabi/14.3.1/thumb/v7e-m+dp/hard/libgcc.a(_aeabi_uldivmod.o)
 .ARM.attributes
                0x00000a12       0x32 /opt/st/stm32cubeide_2.1.1/plugins/com.st.stm32cube.ide.mcu.externaltools.gnu-tools-for-stm32.14.3.rel1.linux64_1.0.100.202602081740/tools/bin/../lib/gcc/arm-none-eabi/14.3.1/thumb/v7e-m+dp/hard/libgcc.a(_udivmoddi4.o)
 .ARM.attributes
                0x00000a44       0x20 /opt/st/stm32cubeide_2.1.1/plugins/com.st.stm32cube.ide.mcu.externaltools.gnu-tools-for-stm32.14.3.rel1.linux64_1.0.100.202602081740/tools/bin/../lib/gcc/arm-none-eabi/14.3.1/thumb/v7e-m+dp/hard/libgcc.a(_dvmd_tls.o)
 .ARM.attributes
                0x00000a64       0x20 /opt/st/stm32cubeide_2.1.1/plugins/com.st.stm32cube.ide.mcu.externaltools.gnu-tools-for-stm32.14.3.rel1.linux64_1.0.100.202602081740/tools/bin/../lib/gcc/arm-none-eabi/14.3.1/thumb/v7e-m+dp/hard/crtn.o
OUTPUT(ChipController V1.elf elf32-littlearm)
LOAD linker stubs
LOAD /opt/st/stm32cubeide_2.1.1/plugins/com.st.stm32cube.ide.mcu.externaltools.gnu-tools-for-stm32.14.3.rel1.linux64_1.0.100.202602081740/tools/bin/../lib/gcc/arm-none-eabi/14.3.1/../../../../arm-none-eabi/lib/thumb/v7e-m+dp/hard/libc.a
LOAD /opt/st/stm32cubeide_2.1.1/plugins/com.st.stm32cube.ide.mcu.externaltools.gnu-tools-for-stm32.14.3.rel1.linux64_1.0.100.202602081740/tools/bin/../lib/gcc/arm-none-eabi/14.3.1/../../../../arm-none-eabi/lib/thumb/v7e-m+dp/hard/libm.a
LOAD /opt/st/stm32cubeide_2.1.1/plugins/com.st.stm32cube.ide.mcu.externaltools.gnu-tools-for-stm32.14.3.rel1.linux64_1.0.100.202602081740/tools/bin/../lib/gcc/arm-none-eabi/14.3.1/thumb/v7e-m+dp/hard/libgcc.a

.debug_info     0x00000000    0x218f5
 .debug_info    0x00000000      0x9c2 ./Core/Src/ad5667.o
 .debug_info    0x000009c2      0xe4b ./Core/Src/ad7190.o
 .debug_info    0x0000180d      0xbdb ./Core/Src/board_output.o
 .debug_info    0x000023e8      0x875 ./Core/Src/board_protocol.o
 .debug_info    0x00002c5d      0x93e ./Core/Src/board_temperature.o
 .debug_info    0x0000359b      0xc55 ./Core/Src/board_uart.o
 .debug_info    0x000041f0      0xd22 ./Core/Src/chip_measure.o
 .debug_info    0x00004f12     0x28b8 ./Core/Src/main.o
 .debug_info    0x000077ca      0x9fc ./Core/Src/sht3x.o
 .debug_info    0x000081c6     0x20bf ./Core/Src/stm32h7xx_hal_msp.o
 .debug_info    0x0000a285      0xc00 ./Core/Src/stm32h7xx_it.o
 .debug_info    0x0000ae85      0x168 ./Core/Src/sysmem.o
 .debug_info    0x0000afed      0xdb2 ./Core/Src/system_stm32h7xx.o
 .debug_info    0x0000bd9f      0x8f6 ./Core/Src/thermal_control.o
 .debug_info    0x0000c695       0x30 ./Core/Startup/startup_stm32h753iitx.o
 .debug_info    0x0000c6c5     0x1541 ./Drivers/STM32H7xx_HAL_Driver/Src/stm32h7xx_hal.o
 .debug_info    0x0000dc06     0x10b7 ./Drivers/STM32H7xx_HAL_Driver/Src/stm32h7xx_hal_cortex.o
 .debug_info    0x0000ecbd      0xc31 ./Drivers/STM32H7xx_HAL_Driver/Src/stm32h7xx_hal_dma.o
 .debug_info    0x0000f8ee      0xc5a ./Drivers/STM32H7xx_HAL_Driver/Src/stm32h7xx_hal_gpio.o
 .debug_info    0x00010548     0x22c9 ./Drivers/STM32H7xx_HAL_Driver/Src/stm32h7xx_hal_i2c.o
 .debug_info    0x00012811      0xd84 ./Drivers/STM32H7xx_HAL_Driver/Src/stm32h7xx_hal_i2c_ex.o
 .debug_info    0x00013595     0x1012 ./Drivers/STM32H7xx_HAL_Driver/Src/stm32h7xx_hal_pwr_ex.o
 .debug_info    0x000145a7      0xe6a ./Drivers/STM32H7xx_HAL_Driver/Src/stm32h7xx_hal_rcc.o
 .debug_info    0x00015411     0x1225 ./Drivers/STM32H7xx_HAL_Driver/Src/stm32h7xx_hal_rcc_ex.o
 .debug_info    0x00016636     0x144a ./Drivers/STM32H7xx_HAL_Driver/Src/stm32h7xx_hal_spi.o
 .debug_info    0x00017a80     0x2bae ./Drivers/STM32H7xx_HAL_Driver/Src/stm32h7xx_hal_tim.o
 .debug_info    0x0001a62e     0x17eb ./Drivers/STM32H7xx_HAL_Driver/Src/stm32h7xx_hal_tim_ex.o
 .debug_info    0x0001be19     0x4b1d ./Drivers/STM32H7xx_HAL_Driver/Src/stm32h7xx_hal_uart.o
 .debug_info    0x00020936      0xfbf ./Drivers/STM32H7xx_HAL_Driver/Src/stm32h7xx_hal_uart_ex.o

.debug_abbrev   0x00000000     0x4094
 .debug_abbrev  0x00000000      0x202 ./Core/Src/ad5667.o
 .debug_abbrev  0x00000202      0x275 ./Core/Src/ad7190.o
 .debug_abbrev  0x00000477      0x26f ./Core/Src/board_output.o
 .debug_abbrev  0x000006e6      0x1da ./Core/Src/board_protocol.o
 .debug_abbrev  0x000008c0      0x1e7 ./Core/Src/board_temperature.o
 .debug_abbrev  0x00000aa7      0x231 ./Core/Src/board_uart.o
 .debug_abbrev  0x00000cd8      0x1e2 ./Core/Src/chip_measure.o
 .debug_abbrev  0x00000eba      0x39b ./Core/Src/main.o
 .debug_abbrev  0x00001255      0x222 ./Core/Src/sht3x.o
 .debug_abbrev  0x00001477      0x26f ./Core/Src/stm32h7xx_hal_msp.o
 .debug_abbrev  0x000016e6      0x19a ./Core/Src/stm32h7xx_it.o
 .debug_abbrev  0x00001880       0xbc ./Core/Src/sysmem.o
 .debug_abbrev  0x0000193c      0x165 ./Core/Src/system_stm32h7xx.o
 .debug_abbrev  0x00001aa1      0x1d3 ./Core/Src/thermal_control.o
 .debug_abbrev  0x00001c74       0x24 ./Core/Startup/startup_stm32h753iitx.o
 .debug_abbrev  0x00001c98      0x295 ./Drivers/STM32H7xx_HAL_Driver/Src/stm32h7xx_hal.o
 .debug_abbrev  0x00001f2d      0x339 ./Drivers/STM32H7xx_HAL_Driver/Src/stm32h7xx_hal_cortex.o
 .debug_abbrev  0x00002266      0x248 ./Drivers/STM32H7xx_HAL_Driver/Src/stm32h7xx_hal_dma.o
 .debug_abbrev  0x000024ae      0x205 ./Drivers/STM32H7xx_HAL_Driver/Src/stm32h7xx_hal_gpio.o
 .debug_abbrev  0x000026b3      0x25d ./Drivers/STM32H7xx_HAL_Driver/Src/stm32h7xx_hal_i2c.o
 .debug_abbrev  0x00002910      0x1f5 ./Drivers/STM32H7xx_HAL_Driver/Src/stm32h7xx_hal_i2c_ex.o
 .debug_abbrev  0x00002b05      0x2a7 ./Drivers/STM32H7xx_HAL_Driver/Src/stm32h7xx_hal_pwr_ex.o
 .debug_abbrev  0x00002dac      0x2c8 ./Drivers/STM32H7xx_HAL_Driver/Src/stm32h7xx_hal_rcc.o
 .debug_abbrev  0x00003074      0x269 ./Drivers/STM32H7xx_HAL_Driver/Src/stm32h7xx_hal_rcc_ex.o
 .debug_abbrev  0x000032dd      0x2b1 ./Drivers/STM32H7xx_HAL_Driver/Src/stm32h7xx_hal_spi.o
 .debug_abbrev  0x0000358e      0x276 ./Drivers/STM32H7xx_HAL_Driver/Src/stm32h7xx_hal_tim.o
 .debug_abbrev  0x00003804      0x281 ./Drivers/STM32H7xx_HAL_Driver/Src/stm32h7xx_hal_tim_ex.o
 .debug_abbrev  0x00003a85      0x33d ./Drivers/STM32H7xx_HAL_Driver/Src/stm32h7xx_hal_uart.o
 .debug_abbrev  0x00003dc2      0x2d2 ./Drivers/STM32H7xx_HAL_Driver/Src/stm32h7xx_hal_uart_ex.o

.debug_aranges  0x00000000     0x1920
 .debug_aranges
                0x00000000       0x58 ./Core/Src/ad5667.o
 .debug_aranges
                0x00000058       0x78 ./Core/Src/ad7190.o
 .debug_aranges
                0x000000d0       0x68 ./Core/Src/board_output.o
 .debug_aranges
                0x00000138       0x70 ./Core/Src/board_protocol.o
 .debug_aranges
                0x000001a8       0x40 ./Core/Src/board_temperature.o
 .debug_aranges
                0x000001e8       0x68 ./Core/Src/board_uart.o
 .debug_aranges
                0x00000250       0x58 ./Core/Src/chip_measure.o
 .debug_aranges
                0x000002a8       0xa8 ./Core/Src/main.o
 .debug_aranges
                0x00000350       0x50 ./Core/Src/sht3x.o
 .debug_aranges
                0x000003a0       0x60 ./Core/Src/stm32h7xx_hal_msp.o
 .debug_aranges
                0x00000400       0x70 ./Core/Src/stm32h7xx_it.o
 .debug_aranges
                0x00000470       0x20 ./Core/Src/sysmem.o
 .debug_aranges
                0x00000490       0x30 ./Core/Src/system_stm32h7xx.o
 .debug_aranges
                0x000004c0       0xb8 ./Core/Src/thermal_control.o
 .debug_aranges
                0x00000578       0x28 ./Core/Startup/startup_stm32h753iitx.o
 .debug_aranges
                0x000005a0      0x198 ./Drivers/STM32H7xx_HAL_Driver/Src/stm32h7xx_hal.o
 .debug_aranges
                0x00000738      0x130 ./Drivers/STM32H7xx_HAL_Driver/Src/stm32h7xx_hal_cortex.o
 .debug_aranges
                0x00000868       0xa0 ./Drivers/STM32H7xx_HAL_Driver/Src/stm32h7xx_hal_dma.o
 .debug_aranges
                0x00000908       0x58 ./Drivers/STM32H7xx_HAL_Driver/Src/stm32h7xx_hal_gpio.o
 .debug_aranges
                0x00000960      0x2a0 ./Drivers/STM32H7xx_HAL_Driver/Src/stm32h7xx_hal_i2c.o
 .debug_aranges
                0x00000c00       0x48 ./Drivers/STM32H7xx_HAL_Driver/Src/stm32h7xx_hal_i2c_ex.o
 .debug_aranges
                0x00000c48      0x158 ./Drivers/STM32H7xx_HAL_Driver/Src/stm32h7xx_hal_pwr_ex.o
 .debug_aranges
                0x00000da0       0x88 ./Drivers/STM32H7xx_HAL_Driver/Src/stm32h7xx_hal_rcc.o
 .debug_aranges
                0x00000e28       0xf8 ./Drivers/STM32H7xx_HAL_Driver/Src/stm32h7xx_hal_rcc_ex.o
 .debug_aranges
                0x00000f20      0x1a8 ./Drivers/STM32H7xx_HAL_Driver/Src/stm32h7xx_hal_spi.o
 .debug_aranges
                0x000010c8      0x3e0 ./Drivers/STM32H7xx_HAL_Driver/Src/stm32h7xx_hal_tim.o
 .debug_aranges
                0x000014a8      0x188 ./Drivers/STM32H7xx_HAL_Driver/Src/stm32h7xx_hal_tim_ex.o
 .debug_aranges
                0x00001630      0x248 ./Drivers/STM32H7xx_HAL_Driver/Src/stm32h7xx_hal_uart.o
 .debug_aranges
                0x00001878       0xa8 ./Drivers/STM32H7xx_HAL_Driver/Src/stm32h7xx_hal_uart_ex.o

.debug_rnglists
                0x00000000     0x139d
 .debug_rnglists
                0x00000000       0x3e ./Core/Src/ad5667.o
 .debug_rnglists
                0x0000003e       0x5a ./Core/Src/ad7190.o
 .debug_rnglists
                0x00000098       0x4c ./Core/Src/board_output.o
 .debug_rnglists
                0x000000e4       0x54 ./Core/Src/board_protocol.o
 .debug_rnglists
                0x00000138       0x2b ./Core/Src/board_temperature.o
 .debug_rnglists
                0x00000163       0x4b ./Core/Src/board_uart.o
 .debug_rnglists
                0x000001ae       0x3f ./Core/Src/chip_measure.o
 .debug_rnglists
                0x000001ed       0x86 ./Core/Src/main.o
 .debug_rnglists
                0x00000273       0x38 ./Core/Src/sht3x.o
 .debug_rnglists
                0x000002ab       0x48 ./Core/Src/stm32h7xx_hal_msp.o
 .debug_rnglists
                0x000002f3       0x4f ./Core/Src/stm32h7xx_it.o
 .debug_rnglists
                0x00000342       0x13 ./Core/Src/sysmem.o
 .debug_rnglists
                0x00000355       0x21 ./Core/Src/system_stm32h7xx.o
 .debug_rnglists
                0x00000376       0x8a ./Core/Src/thermal_control.o
 .debug_rnglists
                0x00000400       0x19 ./Core/Startup/startup_stm32h753iitx.o
 .debug_rnglists
                0x00000419      0x131 ./Drivers/STM32H7xx_HAL_Driver/Src/stm32h7xx_hal.o
 .debug_rnglists
                0x0000054a       0xe0 ./Drivers/STM32H7xx_HAL_Driver/Src/stm32h7xx_hal_cortex.o
 .debug_rnglists
                0x0000062a       0x82 ./Drivers/STM32H7xx_HAL_Driver/Src/stm32h7xx_hal_dma.o
 .debug_rnglists
                0x000006ac       0x3f ./Drivers/STM32H7xx_HAL_Driver/Src/stm32h7xx_hal_gpio.o
 .debug_rnglists
                0x000006eb      0x22a ./Drivers/STM32H7xx_HAL_Driver/Src/stm32h7xx_hal_i2c.o
 .debug_rnglists
                0x00000915       0x35 ./Drivers/STM32H7xx_HAL_Driver/Src/stm32h7xx_hal_i2c_ex.o
 .debug_rnglists
                0x0000094a      0x103 ./Drivers/STM32H7xx_HAL_Driver/Src/stm32h7xx_hal_pwr_ex.o
 .debug_rnglists
                0x00000a4d       0x68 ./Drivers/STM32H7xx_HAL_Driver/Src/stm32h7xx_hal_rcc.o
 .debug_rnglists
                0x00000ab5       0xc0 ./Drivers/STM32H7xx_HAL_Driver/Src/stm32h7xx_hal_rcc_ex.o
 .debug_rnglists
                0x00000b75      0x148 ./Drivers/STM32H7xx_HAL_Driver/Src/stm32h7xx_hal_spi.o
 .debug_rnglists
                0x00000cbd      0x328 ./Drivers/STM32H7xx_HAL_Driver/Src/stm32h7xx_hal_tim.o
 .debug_rnglists
                0x00000fe5      0x13f ./Drivers/STM32H7xx_HAL_Driver/Src/stm32h7xx_hal_tim_ex.o
 .debug_rnglists
                0x00001124      0x1fa ./Drivers/STM32H7xx_HAL_Driver/Src/stm32h7xx_hal_uart.o
 .debug_rnglists
                0x0000131e       0x7f ./Drivers/STM32H7xx_HAL_Driver/Src/stm32h7xx_hal_uart_ex.o

.debug_macro    0x00000000    0x3ab01
 .debug_macro   0x00000000      0x2ea ./Core/Src/ad5667.o
 .debug_macro   0x000002ea      0xaf6 ./Core/Src/ad5667.o
 .debug_macro   0x00000de0      0x23e ./Core/Src/ad5667.o
 .debug_macro   0x0000101e       0x2e ./Core/Src/ad5667.o
 .debug_macro   0x0000104c       0x3b ./Core/Src/ad5667.o
 .debug_macro   0x00001087       0x22 ./Core/Src/ad5667.o
 .debug_macro   0x000010a9       0x8e ./Core/Src/ad5667.o
 .debug_macro   0x00001137       0x51 ./Core/Src/ad5667.o
 .debug_macro   0x00001188      0x103 ./Core/Src/ad5667.o
 .debug_macro   0x0000128b       0x6a ./Core/Src/ad5667.o
 .debug_macro   0x000012f5      0x1df ./Core/Src/ad5667.o
 .debug_macro   0x000014d4       0x1c ./Core/Src/ad5667.o
 .debug_macro   0x000014f0       0x22 ./Core/Src/ad5667.o
 .debug_macro   0x00001512       0xfb ./Core/Src/ad5667.o
 .debug_macro   0x0000160d     0x1305 ./Core/Src/ad5667.o
 .debug_macro   0x00002912      0x11f ./Core/Src/ad5667.o
 .debug_macro   0x00002a31       0x27 ./Core/Src/ad5667.o
 .debug_macro   0x00002a58    0x261cc ./Core/Src/ad5667.o