../Core/Src/main.c:89:20:App_ChipMeasureStatusText	16	static
../Core/Src/main.c:110:13:App_ProcessDebugLine	88	static
../Core/Src/main.c:228:13:App_PrintHelp	8	static
../Core/Src/main.c:244:13:App_PrintTemperature	32	static
../Core/Src/main.c:266:13:App_PrintThermalControl	88	static
../Core/Src/main.c:294:16:App_ParseFloat	32	static
../Core/Src/main.c:354:16:App_FloatToMilli	16	static
../Core/Src/main.c:370:5:main	32	static
../Core/Src/main.c:498:6:SystemClock_Config	120	static
../Core/Src/main.c:557:13:MX_I2C1_Init	8	static
../Core/Src/main.c:605:13:MX_SPI1_Init	8	static
../Core/Src/main.c:653:13:MX_SPI2_Init	8	static
../Core/Src/main.c:701:13:MX_TIM1_Init	40	static
../Core/Src/main.c:748:13:MX_TIM3_Init	40	static
../Core/Src/main.c:793:13:MX_USART1_UART_Init	8	static
../Core/Src/main.c:841:13:MX_USART2_UART_Init	8	static
../Core/Src/main.c:889:13:MX_GPIO_Init	64	static
../Core/Src/main.c:1060:6:Error_Handler	4	static,ignoring_inline_asm
