../Core/Src/thermal_control.c:55:23:ThermalControl_Init	16	static
../Core/Src/thermal_control.c:85:23:ThermalControl_Stop	16	static
../Core/Src/thermal_control.c:100:23:ThermalControl_SetTargetCurrent	16	static
../Core/Src/thermal_control.c:118:23:ThermalControl_SetTargetTemperature	16	static
../Core/Src/thermal_control.c:142:23:ThermalControl_Service	64	static
../Core/Src/thermal_control.c:248:6:ThermalControl_GetSnapshot	24	static
../Core/Src/thermal_control.c:256:13:ThermalControl_StatusText	16	static
../Core/Src/thermal_control.c:289:13:ThermalControl_ModeText	16	static
../Core/Src/thermal_control.c:304:30:thermal_control_measure	48	static
../Core/Src/thermal_control.c:354:30:thermal_control_read_temperature	32	static
../Core/Src/thermal_control.c:374:30:thermal_control_apply_drive	24	static
../Core/Src/thermal_control.c:395:30:thermal_control_fault	16	static
../Core/Src/thermal_control.c:406:14:thermal_control_temperature_pi	32	static
../Core/Src/thermal_control.c:428:13:thermal_control_reset_temperature_pi	4	static
../Core/Src/thermal_control.c:434:30:thermal_control_zero_output	16	static
../Core/Src/thermal_control.c:444:14:thermal_control_absf	16	static
../Core/Src/thermal_control.c:449:14:thermal_control_clampf	24	static
../Core/Src/thermal_control.c:464:14:thermal_control_slew	24	static
../Core/Src/thermal_control.c:479:30:thermal_control_from_measure	16	static
../Core/Src/thermal_control.c:496:30:thermal_control_from_output	16	static
